#-----------------------------------------------------------
# Vivado v2018.2 (64-bit)
# SW Build 2258646 on Thu Jun 14 20:03:12 MDT 2018
# IP Build 2256618 on Thu Jun 14 22:10:49 MDT 2018
# Start of session at: Wed Apr  8 21:52:29 2026
# Process ID: 17444
# Current directory: C:/Users/User/OneDrive/Desktop/EE2026_Codes/EE2026_FDP_Live/ee2026/FDP
# Command line: vivado.exe -gui_launcher_event rodinguilauncherevent33468 C:\Users\User\OneDrive\Desktop\EE2026_Codes\EE2026_FDP_Live\ee2026\FDP\FDP.xpr
# Log file: C:/Users/User/OneDrive/Desktop/EE2026_Codes/EE2026_FDP_Live/ee2026/FDP/vivado.log
# Journal file: C:/Users/User/OneDrive/Desktop/EE2026_Codes/EE2026_FDP_Live/ee2026/FDP\vivado.jou
#-----------------------------------------------------------
start_gui
open_project C:/Users/User/OneDrive/Desktop/EE2026_Codes/EE2026_FDP_Live/ee2026/FDP/FDP.xpr
Scanning sources...
Finished scanning sources
INFO: [IP_Flow 19-234] Refreshing IP repositories
INFO: [IP_Flow 19-1704] No user IP repositories specified
INFO: [IP_Flow 19-2313] Loaded Vivado IP repository 'C:/Xilinx/Vivado/2018.2/data/ip'.
open_project: Time (s): cpu = 00:00:11 ; elapsed = 00:00:12 . Memory (MB): peak = 825.836 ; gain = 79.781
eopen_hw
connect_hw_server -url localhost:3121
INFO: [Labtools 27-2285] Connecting to hw_server url TCP:localhost:3121
INFO: [Labtools 27-2222] Launching hw_server...
INFO: [Labtools 27-2221] Launch Output:

****** Xilinx hw_server v2018.2
  **** Build date : Jun 14 2018-20:42:52
    ** Copyright 1986-2018 Xilinx, Inc. All Rights Reserved.


current_hw_target [get_hw_targets */xilinx_tcf/Digilent/210183B9A8FAA]
set_property PARAM.FREQUENCY 15000000 [get_hw_targets */xilinx_tcf/Digilent/210183B9A8FAA]
open_hw_target
INFO: [Labtoolstcl 44-466] Opening hw_target localhost:3121/xilinx_tcf/Digilent/210183B9A8FAA
set_property PROGRAM.FILE {C:/Users/User/OneDrive/Desktop/EE2026_Codes/EE2026_FDP_Live/ee2026/FDP/FDP.runs/impl_1/Top_Student.bit} [get_hw_devices xc7a35t_0]
current_hw_device [get_hw_devices xc7a35t_0]
refresh_hw_device -update_hw_probes false [lindex [get_hw_devices xc7a35t_0] 0]
INFO: [Labtools 27-1434] Device xc7a35t (JTAG device index = 0) is programmed with a design that has no supported debug core(s) in it.
WARNING: [Labtools 27-3361] The debug hub core was not detected.
Resolution: 
1. Make sure the clock connected to the debug hub (dbg_hub) core is a free running clock and is active.
2. Make sure the BSCAN_SWITCH_USER_MASK device property in Vivado Hardware Manager reflects the user scan chain setting in the design and refresh the device.  To determine the user scan chain setting in the design, open the implemented design and use 'get_property C_USER_SCAN_CHAIN [get_debug_cores dbg_hub]'.
For more details on setting the scan chain property, consult the Vivado Debug and Programming User Guide (UG908).
set_property PROBES.FILE {} [get_hw_devices xc7a35t_0]
set_property FULL_PROBES.FILE {} [get_hw_devices xc7a35t_0]
set_property PROGRAM.FILE {C:/Users/User/OneDrive/Desktop/EE2026_Codes/EE2026_FDP_Live/ee2026/FDP/FDP.runs/impl_1/Top_Student.bit} [get_hw_devices xc7a35t_0]
program_hw_devices [get_hw_devices xc7a35t_0]
INFO: [Labtools 27-3164] End of startup status: HIGH
refresh_hw_device [lindex [get_hw_devices xc7a35t_0] 0]
INFO: [Labtools 27-1434] Device xc7a35t (JTAG device index = 0) is programmed with a design that has no supported debug core(s) in it.
WARNING: [Labtools 27-3361] The debug hub core was not detected.
Resolution: 
1. Make sure the clock connected to the debug hub (dbg_hub) core is a free running clock and is active.
2. Make sure the BSCAN_SWITCH_USER_MASK device property in Vivado Hardware Manager reflects the user scan chain setting in the design and refresh the device.  To determine the user scan chain setting in the design, open the implemented design and use 'get_property C_USER_SCAN_CHAIN [get_debug_cores dbg_hub]'.
For more details on setting the scan chain property, consult the Vivado Debug and Programming User Guide (UG908).
reset_run synth_1
launch_runs impl_1 -to_step write_bitstream -jobs 9
INFO: [Vivado 12-4149] The synthesis checkpoint for IP 'C:/Users/User/OneDrive/Desktop/EE2026_Codes/EE2026_FDP_Live/ee2026/FDP/FDP.srcs/sources_1/ip/blk_mem_gen_inter/blk_mem_gen_inter.xci' is already up-to-date
INFO: [Vivado 12-4149] The synthesis checkpoint for IP 'C:/Users/User/OneDrive/Desktop/EE2026_Codes/EE2026_FDP_Live/ee2026/FDP/FDP.srcs/sources_1/ip/blk_mem_gen_0_1/blk_mem_gen_0.xci' is already up-to-date
[Wed Apr  8 22:06:09 2026] Launched synth_1...
Run output will be captured here: C:/Users/User/OneDrive/Desktop/EE2026_Codes/EE2026_FDP_Live/ee2026/FDP/FDP.runs/synth_1/runme.log
[Wed Apr  8 22:06:09 2026] Launched impl_1...
Run output will be captured here: C:/Users/User/OneDrive/Desktop/EE2026_Codes/EE2026_FDP_Live/ee2026/FDP/FDP.runs/impl_1/runme.log
set_property PROBES.FILE {} [get_hw_devices xc7a35t_0]
set_property FULL_PROBES.FILE {} [get_hw_devices xc7a35t_0]
set_property PROGRAM.FILE {C:/Users/User/OneDrive/Desktop/EE2026_Codes/EE2026_FDP_Live/ee2026/FDP/FDP.runs/impl_1/Top_Student.bit} [get_hw_devices xc7a35t_0]
program_hw_devices [get_hw_devices xc7a35t_0]
INFO: [Labtools 27-3164] End of startup status: HIGH
refresh_hw_device [lindex [get_hw_devices xc7a35t_0] 0]
INFO: [Labtools 27-1434] Device xc7a35t (JTAG device index = 0) is programmed with a design that has no supported debug core(s) in it.
WARNING: [Labtools 27-3361] The debug hub core was not detected.
Resolution: 
1. Make sure the clock connected to the debug hub (dbg_hub) core is a free running clock and is active.
2. Make sure the BSCAN_SWITCH_USER_MASK device property in Vivado Hardware Manager reflects the user scan chain setting in the design and refresh the device.  To determine the user scan chain setting in the design, open the implemented design and use 'get_property C_USER_SCAN_CHAIN [get_debug_cores dbg_hub]'.
For more details on setting the scan chain property, consult the Vivado Debug and Programming User Guide (UG908).
reset_run synth_1
launch_runs impl_1 -to_step write_bitstream -jobs 9
INFO: [Vivado 12-4149] The synthesis checkpoint for IP 'C:/Users/User/OneDrive/Desktop/EE2026_Codes/EE2026_FDP_Live/ee2026/FDP/FDP.srcs/sources_1/ip/blk_mem_gen_inter/blk_mem_gen_inter.xci' is already up-to-date
INFO: [Vivado 12-4149] The synthesis checkpoint for IP 'C:/Users/User/OneDrive/Desktop/EE2026_Codes/EE2026_FDP_Live/ee2026/FDP/FDP.srcs/sources_1/ip/blk_mem_gen_0_1/blk_mem_gen_0.xci' is already up-to-date
[Wed Apr  8 22:22:46 2026] Launched synth_1...
Run output will be captured here: C:/Users/User/OneDrive/Desktop/EE2026_Codes/EE2026_FDP_Live/ee2026/FDP/FDP.runs/synth_1/runme.log
[Wed Apr  8 22:22:46 2026] Launched impl_1...
Run output will be captured here: C:/Users/User/OneDrive/Desktop/EE2026_Codes/EE2026_FDP_Live/ee2026/FDP/FDP.runs/impl_1/runme.log
set_property PROBES.FILE {} [get_hw_devices xc7a35t_0]
set_property FULL_PROBES.FILE {} [get_hw_devices xc7a35t_0]
set_property PROGRAM.FILE {C:/Users/User/OneDrive/Desktop/EE2026_Codes/EE2026_FDP_Live/ee2026/FDP/FDP.runs/impl_1/Top_Student.bit} [get_hw_devices xc7a35t_0]
program_hw_devices [get_hw_devices xc7a35t_0]
INFO: [Labtools 27-3164] End of startup status: HIGH
refresh_hw_device [lindex [get_hw_devices xc7a35t_0] 0]
INFO: [Labtools 27-1434] Device xc7a35t (JTAG device index = 0) is programmed with a design that has no supported debug core(s) in it.
WARNING: [Labtools 27-3361] The debug hub core was not detected.
Resolution: 
1. Make sure the clock connected to the debug hub (dbg_hub) core is a free running clock and is active.
2. Make sure the BSCAN_SWITCH_USER_MASK device property in Vivado Hardware Manager reflects the user scan chain setting in the design and refresh the device.  To determine the user scan chain setting in the design, open the implemented design and use 'get_property C_USER_SCAN_CHAIN [get_debug_cores dbg_hub]'.
For more details on setting the scan chain property, consult the Vivado Debug and Programming User Guide (UG908).
