Copyright 1986-2018 Xilinx, Inc. All Rights Reserved.
--------------------------------------------------------------------------------------------------------------------------------------------------------------------------------------------------------
| Tool Version : Vivado v.2018.2 (win64) Build 2258646 Thu Jun 14 20:03:12 MDT 2018
| Date         : Tue Apr  7 20:40:16 2026
| Host         : ac-yt running 64-bit major release  (build 9200)
| Command      : report_timing_summary -max_paths 10 -file Top_Student_timing_summary_routed.rpt -pb Top_Student_timing_summary_routed.pb -rpx Top_Student_timing_summary_routed.rpx -warn_on_violation
| Design       : Top_Student
| Device       : 7a35t-cpg236
| Speed File   : -1  PRODUCTION 1.22 2018-03-21
--------------------------------------------------------------------------------------------------------------------------------------------------------------------------------------------------------

Timing Summary Report

------------------------------------------------------------------------------------------------
| Timer Settings
| --------------
------------------------------------------------------------------------------------------------

  Enable Multi Corner Analysis               :  Yes
  Enable Pessimism Removal                   :  Yes
  Pessimism Removal Resolution               :  Nearest Common Node
  Enable Input Delay Default Clock           :  No
  Enable Preset / Clear Arcs                 :  No
  Disable Flight Delays                      :  No
  Ignore I/O Paths                           :  No
  Timing Early Launch at Borrowing Latches   :  false

  Corner  Analyze    Analyze    
  Name    Max Paths  Min Paths  
  ------  ---------  ---------  
  Slow    Yes        Yes        
  Fast    Yes        Yes        



check_timing report

Table of Contents
-----------------
1. checking no_clock
2. checking constant_clock
3. checking pulse_width_clock
4. checking unconstrained_internal_endpoints
5. checking no_input_delay
6. checking no_output_delay
7. checking multiple_clock
8. checking generated_clocks
9. checking loops
10. checking partial_input_delay
11. checking partial_output_delay
12. checking latch_loops

1. checking no_clock
--------------------
 There are 230 register/latch pins with no clock driven by root clock pin: clk_6p25m_inst/clk_out_reg/Q (HIGH)

 There are 7072 register/latch pins with no clock driven by root clock pin: clk_inst/clk_out_reg/Q (HIGH)


2. checking constant_clock
--------------------------
 There are 0 register/latch pins with constant_clock.


3. checking pulse_width_clock
-----------------------------
 There are 0 register/latch pins which need pulse_width check


4. checking unconstrained_internal_endpoints
--------------------------------------------
 There are 16765 pins that are not constrained for maximum delay. (HIGH)

 There are 0 pins that are not constrained for maximum delay due to constant clock.


5. checking no_input_delay
--------------------------
 There are 8 input ports with no input delay specified. (HIGH)

 There are 0 input ports with no input delay but user has a false path constraint.


6. checking no_output_delay
---------------------------
 There are 41 ports with no output delay specified. (HIGH)

 There are 0 ports with no output delay but user has a false path constraint

 There are 0 ports with no output delay but with a timing clock defined on it or propagating through it


7. checking multiple_clock
--------------------------
 There are 0 register/latch pins with multiple clocks.


8. checking generated_clocks
----------------------------
 There are 0 generated clocks that are not connected to a clock source.


9. checking loops
-----------------
 There are 0 combinational loops in the design.


10. checking partial_input_delay
--------------------------------
 There are 0 input ports with partial input delay specified.


11. checking partial_output_delay
---------------------------------
 There are 0 ports with partial output delay specified.


12. checking latch_loops
------------------------
 There are 0 combinational latch loops in the design through latch input



------------------------------------------------------------------------------------------------
| Design Timing Summary
| ---------------------
------------------------------------------------------------------------------------------------

    WNS(ns)      TNS(ns)  TNS Failing Endpoints  TNS Total Endpoints      WHS(ns)      THS(ns)  THS Failing Endpoints  THS Total Endpoints     WPWS(ns)     TPWS(ns)  TPWS Failing Endpoints  TPWS Total Endpoints  
    -------      -------  ---------------------  -------------------      -------      -------  ---------------------  -------------------     --------     --------  ----------------------  --------------------  
      4.569        0.000                      0                   65        0.320        0.000                      0                   65        4.500        0.000                       0                    34  


All user specified timing constraints are met.


------------------------------------------------------------------------------------------------
| Clock Summary
| -------------
------------------------------------------------------------------------------------------------

Clock        Waveform(ns)       Period(ns)      Frequency(MHz)
-----        ------------       ----------      --------------
sys_clk_pin  {0.000 5.000}      10.000          100.000         


------------------------------------------------------------------------------------------------
| Intra Clock Table
| -----------------
------------------------------------------------------------------------------------------------

Clock             WNS(ns)      TNS(ns)  TNS Failing Endpoints  TNS Total Endpoints      WHS(ns)      THS(ns)  THS Failing Endpoints  THS Total Endpoints     WPWS(ns)     TPWS(ns)  TPWS Failing Endpoints  TPWS Total Endpoints  
-----             -------      -------  ---------------------  -------------------      -------      -------  ---------------------  -------------------     --------     --------  ----------------------  --------------------  
sys_clk_pin         4.569        0.000                      0                   65        0.320        0.000                      0                   65        4.500        0.000                       0                    34  


------------------------------------------------------------------------------------------------
| Inter Clock Table
| -----------------
------------------------------------------------------------------------------------------------

From Clock    To Clock          WNS(ns)      TNS(ns)  TNS Failing Endpoints  TNS Total Endpoints      WHS(ns)      THS(ns)  THS Failing Endpoints  THS Total Endpoints  
----------    --------          -------      -------  ---------------------  -------------------      -------      -------  ---------------------  -------------------  


------------------------------------------------------------------------------------------------
| Other Path Groups Table
| -----------------------
------------------------------------------------------------------------------------------------

Path Group    From Clock    To Clock          WNS(ns)      TNS(ns)  TNS Failing Endpoints  TNS Total Endpoints      WHS(ns)      THS(ns)  THS Failing Endpoints  THS Total Endpoints  
----------    ----------    --------          -------      -------  ---------------------  -------------------      -------      -------  ---------------------  -------------------  


------------------------------------------------------------------------------------------------
| Timing Details
| --------------
------------------------------------------------------------------------------------------------


---------------------------------------------------------------------------------------------------
From Clock:  sys_clk_pin
  To Clock:  sys_clk_pin

Setup :            0  Failing Endpoints,  Worst Slack        4.569ns,  Total Violation        0.000ns
Hold  :            0  Failing Endpoints,  Worst Slack        0.320ns,  Total Violation        0.000ns
PW    :            0  Failing Endpoints,  Worst Slack        4.500ns,  Total Violation        0.000ns
---------------------------------------------------------------------------------------------------


Max Delay Paths
--------------------------------------------------------------------------------------
Slack (MET) :             4.569ns  (required time - arrival time)
  Source:                 clk_inst/count_reg[2]/C
                            (rising edge-triggered cell FDRE clocked by sys_clk_pin  {rise@0.000ns fall@5.000ns period=10.000ns})
  Destination:            clk_inst/count_reg[1]/R
                            (rising edge-triggered cell FDRE clocked by sys_clk_pin  {rise@0.000ns fall@5.000ns period=10.000ns})
  Path Group:             sys_clk_pin
  Path Type:              Setup (Max at Slow Process Corner)
  Requirement:            10.000ns  (sys_clk_pin rise@10.000ns - sys_clk_pin rise@0.000ns)
  Data Path Delay:        4.872ns  (logic 0.890ns (18.268%)  route 3.982ns (81.732%))
  Logic Levels:           3  (LUT4=2 LUT5=1)
  Clock Path Skew:        0.000ns (DCD - SCD + CPR)
    Destination Clock Delay (DCD):    4.778ns = ( 14.778 - 10.000 ) 
    Source Clock Delay      (SCD):    5.077ns
    Clock Pessimism Removal (CPR):    0.299ns
  Clock Uncertainty:      0.035ns  ((TSJ^2 + TIJ^2)^1/2 + DJ) / 2 + PE
    Total System Jitter     (TSJ):    0.071ns
    Total Input Jitter      (TIJ):    0.000ns
    Discrete Jitter          (DJ):    0.000ns
    Phase Error              (PE):    0.000ns

    Location             Delay type                Incr(ns)  Path(ns)    Netlist Resource(s)
  -------------------------------------------------------------------    -------------------
                         (clock sys_clk_pin rise edge)
                                                      0.000     0.000 r  
    W5                                                0.000     0.000 r  basys_clk (IN)
                         net (fo=0)                   0.000     0.000    basys_clk
    W5                   IBUF (Prop_ibuf_I_O)         1.458     1.458 r  basys_clk_IBUF_inst/O
                         net (fo=1, routed)           1.967     3.425    basys_clk_IBUF
    BUFGCTRL_X0Y2        BUFG (Prop_bufg_I_O)         0.096     3.521 r  basys_clk_IBUF_BUFG_inst/O
                         net (fo=33, routed)          1.556     5.077    clk_inst/basys_clk_IBUF_BUFG
    SLICE_X30Y32         FDRE                                         r  clk_inst/count_reg[2]/C
  -------------------------------------------------------------------    -------------------
    SLICE_X30Y32         FDRE (Prop_fdre_C_Q)         0.518     5.595 f  clk_inst/count_reg[2]/Q
                         net (fo=2, routed)           1.388     6.983    clk_inst/count_reg_n_0_[2]
    SLICE_X29Y32         LUT4 (Prop_lut4_I0_O)        0.124     7.107 f  clk_inst/count[31]_i_8/O
                         net (fo=1, routed)           0.544     7.651    clk_inst/count[31]_i_8_n_0
    SLICE_X29Y33         LUT5 (Prop_lut5_I4_O)        0.124     7.775 f  clk_inst/count[31]_i_4/O
                         net (fo=2, routed)           1.086     8.862    clk_inst/count[31]_i_4_n_0
    SLICE_X32Y36         LUT4 (Prop_lut4_I2_O)        0.124     8.986 r  clk_inst/count[31]_i_1/O
                         net (fo=32, routed)          0.963     9.949    clk_inst/clk_out0
    SLICE_X30Y32         FDRE                                         r  clk_inst/count_reg[1]/R
  -------------------------------------------------------------------    -------------------

                         (clock sys_clk_pin rise edge)
                                                     10.000    10.000 r  
    W5                                                0.000    10.000 r  basys_clk (IN)
                         net (fo=0)                   0.000    10.000    basys_clk
    W5                   IBUF (Prop_ibuf_I_O)         1.388    11.388 r  basys_clk_IBUF_inst/O
                         net (fo=1, routed)           1.862    13.250    basys_clk_IBUF
    BUFGCTRL_X0Y2        BUFG (Prop_bufg_I_O)         0.091    13.341 r  basys_clk_IBUF_BUFG_inst/O
                         net (fo=33, routed)          1.437    14.778    clk_inst/basys_clk_IBUF_BUFG
    SLICE_X30Y32         FDRE                                         r  clk_inst/count_reg[1]/C
                         clock pessimism              0.299    15.077    
                         clock uncertainty           -0.035    15.042    
    SLICE_X30Y32         FDRE (Setup_fdre_C_R)       -0.524    14.518    clk_inst/count_reg[1]
  -------------------------------------------------------------------
                         required time                         14.518    
                         arrival time                          -9.949    
  -------------------------------------------------------------------
                         slack                                  4.569    

Slack (MET) :             4.569ns  (required time - arrival time)
  Source:                 clk_inst/count_reg[2]/C
                            (rising edge-triggered cell FDRE clocked by sys_clk_pin  {rise@0.000ns fall@5.000ns period=10.000ns})
  Destination:            clk_inst/count_reg[2]/R
                            (rising edge-triggered cell FDRE clocked by sys_clk_pin  {rise@0.000ns fall@5.000ns period=10.000ns})
  Path Group:             sys_clk_pin
  Path Type:              Setup (Max at Slow Process Corner)
  Requirement:            10.000ns  (sys_clk_pin rise@10.000ns - sys_clk_pin rise@0.000ns)
  Data Path Delay:        4.872ns  (logic 0.890ns (18.268%)  route 3.982ns (81.732%))
  Logic Levels:           3  (LUT4=2 LUT5=1)
  Clock Path Skew:        0.000ns (DCD - SCD + CPR)
    Destination Clock Delay (DCD):    4.778ns = ( 14.778 - 10.000 ) 
    Source Clock Delay      (SCD):    5.077ns
    Clock Pessimism Removal (CPR):    0.299ns
  Clock Uncertainty:      0.035ns  ((TSJ^2 + TIJ^2)^1/2 + DJ) / 2 + PE
    Total System Jitter     (TSJ):    0.071ns
    Total Input Jitter      (TIJ):    0.000ns
    Discrete Jitter          (DJ):    0.000ns
    Phase Error              (PE):    0.000ns

    Location             Delay type                Incr(ns)  Path(ns)    Netlist Resource(s)
  -------------------------------------------------------------------    -------------------
                         (clock sys_clk_pin rise edge)
                                                      0.000     0.000 r  
    W5                                                0.000     0.000 r  basys_clk (IN)
                         net (fo=0)                   0.000     0.000    basys_clk
    W5                   IBUF (Prop_ibuf_I_O)         1.458     1.458 r  basys_clk_IBUF_inst/O
                         net (fo=1, routed)           1.967     3.425    basys_clk_IBUF
    BUFGCTRL_X0Y2        BUFG (Prop_bufg_I_O)         0.096     3.521 r  basys_clk_IBUF_BUFG_inst/O
                         net (fo=33, routed)          1.556     5.077    clk_inst/basys_clk_IBUF_BUFG
    SLICE_X30Y32         FDRE                                         r  clk_inst/count_reg[2]/C
  -------------------------------------------------------------------    -------------------
    SLICE_X30Y32         FDRE (Prop_fdre_C_Q)         0.518     5.595 f  clk_inst/count_reg[2]/Q
                         net (fo=2, routed)           1.388     6.983    clk_inst/count_reg_n_0_[2]
    SLICE_X29Y32         LUT4 (Prop_lut4_I0_O)        0.124     7.107 f  clk_inst/count[31]_i_8/O
                         net (fo=1, routed)           0.544     7.651    clk_inst/count[31]_i_8_n_0
    SLICE_X29Y33         LUT5 (Prop_lut5_I4_O)        0.124     7.775 f  clk_inst/count[31]_i_4/O
                         net (fo=2, routed)           1.086     8.862    clk_inst/count[31]_i_4_n_0
    SLICE_X32Y36         LUT4 (Prop_lut4_I2_O)        0.124     8.986 r  clk_inst/count[31]_i_1/O
                         net (fo=32, routed)          0.963     9.949    clk_inst/clk_out0
    SLICE_X30Y32         FDRE                                         r  clk_inst/count_reg[2]/R
  -------------------------------------------------------------------    -------------------

                         (clock sys_clk_pin rise edge)
                                                     10.000    10.000 r  
    W5                                                0.000    10.000 r  basys_clk (IN)
                         net (fo=0)                   0.000    10.000    basys_clk
    W5                   IBUF (Prop_ibuf_I_O)         1.388    11.388 r  basys_clk_IBUF_inst/O
                         net (fo=1, routed)           1.862    13.250    basys_clk_IBUF
    BUFGCTRL_X0Y2        BUFG (Prop_bufg_I_O)         0.091    13.341 r  basys_clk_IBUF_BUFG_inst/O
                         net (fo=33, routed)          1.437    14.778    clk_inst/basys_clk_IBUF_BUFG
    SLICE_X30Y32         FDRE                                         r  clk_inst/count_reg[2]/C
                         clock pessimism              0.299    15.077    
                         clock uncertainty           -0.035    15.042    
    SLICE_X30Y32         FDRE (Setup_fdre_C_R)       -0.524    14.518    clk_inst/count_reg[2]
  -------------------------------------------------------------------
                         required time                         14.518    
                         arrival time                          -9.949    
  -------------------------------------------------------------------
                         slack                                  4.569    

Slack (MET) :             4.569ns  (required time - arrival time)
  Source:                 clk_inst/count_reg[2]/C
                            (rising edge-triggered cell FDRE clocked by sys_clk_pin  {rise@0.000ns fall@5.000ns period=10.000ns})
  Destination:            clk_inst/count_reg[3]/R
                            (rising edge-triggered cell FDRE clocked by sys_clk_pin  {rise@0.000ns fall@5.000ns period=10.000ns})
  Path Group:             sys_clk_pin
  Path Type:              Setup (Max at Slow Process Corner)
  Requirement:            10.000ns  (sys_clk_pin rise@10.000ns - sys_clk_pin rise@0.000ns)
  Data Path Delay:        4.872ns  (logic 0.890ns (18.268%)  route 3.982ns (81.732%))
  Logic Levels:           3  (LUT4=2 LUT5=1)
  Clock Path Skew:        0.000ns (DCD - SCD + CPR)
    Destination Clock Delay (DCD):    4.778ns = ( 14.778 - 10.000 ) 
    Source Clock Delay      (SCD):    5.077ns
    Clock Pessimism Removal (CPR):    0.299ns
  Clock Uncertainty:      0.035ns  ((TSJ^2 + TIJ^2)^1/2 + DJ) / 2 + PE
    Total System Jitter     (TSJ):    0.071ns
    Total Input Jitter      (TIJ):    0.000ns
    Discrete Jitter          (DJ):    0.000ns
    Phase Error              (PE):    0.000ns

    Location             Delay type                Incr(ns)  Path(ns)    Netlist Resource(s)
  -------------------------------------------------------------------    -------------------
                         (clock sys_clk_pin rise edge)
                                                      0.000     0.000 r  
    W5                                                0.000     0.000 r  basys_clk (IN)
                         net (fo=0)                   0.000     0.000    basys_clk
    W5                   IBUF (Prop_ibuf_I_O)         1.458     1.458 r  basys_clk_IBUF_inst/O
                         net (fo=1, routed)           1.967     3.425    basys_clk_IBUF
    BUFGCTRL_X0Y2        BUFG (Prop_bufg_I_O)         0.096     3.521 r  basys_clk_IBUF_BUFG_inst/O
                         net (fo=33, routed)          1.556     5.077    clk_inst/basys_clk_IBUF_BUFG
    SLICE_X30Y32         FDRE                                         r  clk_inst/count_reg[2]/C
  -------------------------------------------------------------------    -------------------
    SLICE_X30Y32         FDRE (Prop_fdre_C_Q)         0.518     5.595 f  clk_inst/count_reg[2]/Q
                         net (fo=2, routed)           1.388     6.983    clk_inst/count_reg_n_0_[2]
    SLICE_X29Y32         LUT4 (Prop_lut4_I0_O)        0.124     7.107 f  clk_inst/count[31]_i_8/O
                         net (fo=1, routed)           0.544     7.651    clk_inst/count[31]_i_8_n_0
    SLICE_X29Y33         LUT5 (Prop_lut5_I4_O)        0.124     7.775 f  clk_inst/count[31]_i_4/O
                         net (fo=2, routed)           1.086     8.862    clk_inst/count[31]_i_4_n_0
    SLICE_X32Y36         LUT4 (Prop_lut4_I2_O)        0.124     8.986 r  clk_inst/count[31]_i_1/O
                         net (fo=32, routed)          0.963     9.949    clk_inst/clk_out0
    SLICE_X30Y32         FDRE                                         r  clk_inst/count_reg[3]/R
  -------------------------------------------------------------------    -------------------

                         (clock sys_clk_pin rise edge)
                                                     10.000    10.000 r  
    W5                                                0.000    10.000 r  basys_clk (IN)
                         net (fo=0)                   0.000    10.000    basys_clk
    W5                   IBUF (Prop_ibuf_I_O)         1.388    11.388 r  basys_clk_IBUF_inst/O
                         net (fo=1, routed)           1.862    13.250    basys_clk_IBUF
    BUFGCTRL_X0Y2        BUFG (Prop_bufg_I_O)         0.091    13.341 r  basys_clk_IBUF_BUFG_inst/O
                         net (fo=33, routed)          1.437    14.778    clk_inst/basys_clk_IBUF_BUFG
    SLICE_X30Y32         FDRE                                         r  clk_inst/count_reg[3]/C
                         clock pessimism              0.299    15.077    
                         clock uncertainty           -0.035    15.042    
    SLICE_X30Y32         FDRE (Setup_fdre_C_R)       -0.524    14.518    clk_inst/count_reg[3]
  -------------------------------------------------------------------
                         required time                         14.518    
                         arrival time                          -9.949    
  -------------------------------------------------------------------
                         slack                                  4.569    

Slack (MET) :             4.569ns  (required time - arrival time)
  Source:                 clk_inst/count_reg[2]/C
                            (rising edge-triggered cell FDRE clocked by sys_clk_pin  {rise@0.000ns fall@5.000ns period=10.000ns})
  Destination:            clk_inst/count_reg[4]/R
                            (rising edge-triggered cell FDRE clocked by sys_clk_pin  {rise@0.000ns fall@5.000ns period=10.000ns})
  Path Group:             sys_clk_pin
  Path Type:              Setup (Max at Slow Process Corner)
  Requirement:            10.000ns  (sys_clk_pin rise@10.000ns - sys_clk_pin rise@0.000ns)
  Data Path Delay:        4.872ns  (logic 0.890ns (18.268%)  route 3.982ns (81.732%))
  Logic Levels:           3  (LUT4=2 LUT5=1)
  Clock Path Skew:        0.000ns (DCD - SCD + CPR)
    Destination Clock Delay (DCD):    4.778ns = ( 14.778 - 10.000 ) 
    Source Clock Delay      (SCD):    5.077ns
    Clock Pessimism Removal (CPR):    0.299ns
  Clock Uncertainty:      0.035ns  ((TSJ^2 + TIJ^2)^1/2 + DJ) / 2 + PE
    Total System Jitter     (TSJ):    0.071ns
    Total Input Jitter      (TIJ):    0.000ns
    Discrete Jitter          (DJ):    0.000ns
    Phase Error              (PE):    0.000ns

    Location             Delay type                Incr(ns)  Path(ns)    Netlist Resource(s)
  -------------------------------------------------------------------    -------------------
                         (clock sys_clk_pin rise edge)
                                                      0.000     0.000 r  
    W5                                                0.000     0.000 r  basys_clk (IN)
                         net (fo=0)                   0.000     0.000    basys_clk
    W5                   IBUF (Prop_ibuf_I_O)         1.458     1.458 r  basys_clk_IBUF_inst/O
                         net (fo=1, routed)           1.967     3.425    basys_clk_IBUF
    BUFGCTRL_X0Y2        BUFG (Prop_bufg_I_O)         0.096     3.521 r  basys_clk_IBUF_BUFG_inst/O
                         net (fo=33, routed)          1.556     5.077    clk_inst/basys_clk_IBUF_BUFG
    SLICE_X30Y32         FDRE                                         r  clk_inst/count_reg[2]/C
  -------------------------------------------------------------------    -------------------
    SLICE_X30Y32         FDRE (Prop_fdre_C_Q)         0.518     5.595 f  clk_inst/count_reg[2]/Q
                         net (fo=2, routed)           1.388     6.983    clk_inst/count_reg_n_0_[2]
    SLICE_X29Y32         LUT4 (Prop_lut4_I0_O)        0.124     7.107 f  clk_inst/count[31]_i_8/O
                         net (fo=1, routed)           0.544     7.651    clk_inst/count[31]_i_8_n_0
    SLICE_X29Y33         LUT5 (Prop_lut5_I4_O)        0.124     7.775 f  clk_inst/count[31]_i_4/O
                         net (fo=2, routed)           1.086     8.862    clk_inst/count[31]_i_4_n_0
    SLICE_X32Y36         LUT4 (Prop_lut4_I2_O)        0.124     8.986 r  clk_inst/count[31]_i_1/O
                         net (fo=32, routed)          0.963     9.949    clk_inst/clk_out0
    SLICE_X30Y32         FDRE                                         r  clk_inst/count_reg[4]/R
  -------------------------------------------------------------------    -------------------

                         (clock sys_clk_pin rise edge)
                                                     10.000    10.000 r  
    W5                                                0.000    10.000 r  basys_clk (IN)
                         net (fo=0)                   0.000    10.000    basys_clk
    W5                   IBUF (Prop_ibuf_I_O)         1.388    11.388 r  basys_clk_IBUF_inst/O
                         net (fo=1, routed)           1.862    13.250    basys_clk_IBUF
    BUFGCTRL_X0Y2        BUFG (Prop_bufg_I_O)         0.091    13.341 r  basys_clk_IBUF_BUFG_inst/O
                         net (fo=33, routed)          1.437    14.778    clk_inst/basys_clk_IBUF_BUFG
    SLICE_X30Y32         FDRE                                         r  clk_inst/count_reg[4]/C
                         clock pessimism              0.299    15.077    
                         clock uncertainty           -0.035    15.042    
    SLICE_X30Y32         FDRE (Setup_fdre_C_R)       -0.524    14.518    clk_inst/count_reg[4]
  -------------------------------------------------------------------
                         required time                         14.518    
                         arrival time                          -9.949    
  -------------------------------------------------------------------
                         slack                                  4.569    

Slack (MET) :             4.642ns  (required time - arrival time)
  Source:                 clk_inst/count_reg[2]/C
                            (rising edge-triggered cell FDRE clocked by sys_clk_pin  {rise@0.000ns fall@5.000ns period=10.000ns})
  Destination:            clk_inst/count_reg[0]/R
                            (rising edge-triggered cell FDRE clocked by sys_clk_pin  {rise@0.000ns fall@5.000ns period=10.000ns})
  Path Group:             sys_clk_pin
  Path Type:              Setup (Max at Slow Process Corner)
  Requirement:            10.000ns  (sys_clk_pin rise@10.000ns - sys_clk_pin rise@0.000ns)
  Data Path Delay:        4.872ns  (logic 0.890ns (18.268%)  route 3.982ns (81.732%))
  Logic Levels:           3  (LUT4=2 LUT5=1)
  Clock Path Skew:        -0.022ns (DCD - SCD + CPR)
    Destination Clock Delay (DCD):    4.778ns = ( 14.778 - 10.000 ) 
    Source Clock Delay      (SCD):    5.077ns
    Clock Pessimism Removal (CPR):    0.277ns
  Clock Uncertainty:      0.035ns  ((TSJ^2 + TIJ^2)^1/2 + DJ) / 2 + PE
    Total System Jitter     (TSJ):    0.071ns
    Total Input Jitter      (TIJ):    0.000ns
    Discrete Jitter          (DJ):    0.000ns
    Phase Error              (PE):    0.000ns

    Location             Delay type                Incr(ns)  Path(ns)    Netlist Resource(s)
  -------------------------------------------------------------------    -------------------
                         (clock sys_clk_pin rise edge)
                                                      0.000     0.000 r  
    W5                                                0.000     0.000 r  basys_clk (IN)
                         net (fo=0)                   0.000     0.000    basys_clk
    W5                   IBUF (Prop_ibuf_I_O)         1.458     1.458 r  basys_clk_IBUF_inst/O
                         net (fo=1, routed)           1.967     3.425    basys_clk_IBUF
    BUFGCTRL_X0Y2        BUFG (Prop_bufg_I_O)         0.096     3.521 r  basys_clk_IBUF_BUFG_inst/O
                         net (fo=33, routed)          1.556     5.077    clk_inst/basys_clk_IBUF_BUFG
    SLICE_X30Y32         FDRE                                         r  clk_inst/count_reg[2]/C
  -------------------------------------------------------------------    -------------------
    SLICE_X30Y32         FDRE (Prop_fdre_C_Q)         0.518     5.595 f  clk_inst/count_reg[2]/Q
                         net (fo=2, routed)           1.388     6.983    clk_inst/count_reg_n_0_[2]
    SLICE_X29Y32         LUT4 (Prop_lut4_I0_O)        0.124     7.107 f  clk_inst/count[31]_i_8/O
                         net (fo=1, routed)           0.544     7.651    clk_inst/count[31]_i_8_n_0
    SLICE_X29Y33         LUT5 (Prop_lut5_I4_O)        0.124     7.775 f  clk_inst/count[31]_i_4/O
                         net (fo=2, routed)           1.086     8.862    clk_inst/count[31]_i_4_n_0
    SLICE_X32Y36         LUT4 (Prop_lut4_I2_O)        0.124     8.986 r  clk_inst/count[31]_i_1/O
                         net (fo=32, routed)          0.963     9.949    clk_inst/clk_out0
    SLICE_X31Y32         FDRE                                         r  clk_inst/count_reg[0]/R
  -------------------------------------------------------------------    -------------------

                         (clock sys_clk_pin rise edge)
                                                     10.000    10.000 r  
    W5                                                0.000    10.000 r  basys_clk (IN)
                         net (fo=0)                   0.000    10.000    basys_clk
    W5                   IBUF (Prop_ibuf_I_O)         1.388    11.388 r  basys_clk_IBUF_inst/O
                         net (fo=1, routed)           1.862    13.250    basys_clk_IBUF
    BUFGCTRL_X0Y2        BUFG (Prop_bufg_I_O)         0.091    13.341 r  basys_clk_IBUF_BUFG_inst/O
                         net (fo=33, routed)          1.437    14.778    clk_inst/basys_clk_IBUF_BUFG
    SLICE_X31Y32         FDRE                                         r  clk_inst/count_reg[0]/C
                         clock pessimism              0.277    15.055    
                         clock uncertainty           -0.035    15.020    
    SLICE_X31Y32         FDRE (Setup_fdre_C_R)       -0.429    14.591    clk_inst/count_reg[0]
  -------------------------------------------------------------------
                         required time                         14.591    
                         arrival time                          -9.949    
  -------------------------------------------------------------------
                         slack                                  4.642    

Slack (MET) :             4.645ns  (required time - arrival time)
  Source:                 clk_inst/count_reg[2]/C
                            (rising edge-triggered cell FDRE clocked by sys_clk_pin  {rise@0.000ns fall@5.000ns period=10.000ns})
  Destination:            clk_inst/count_reg[5]/R
                            (rising edge-triggered cell FDRE clocked by sys_clk_pin  {rise@0.000ns fall@5.000ns period=10.000ns})
  Path Group:             sys_clk_pin
  Path Type:              Setup (Max at Slow Process Corner)
  Requirement:            10.000ns  (sys_clk_pin rise@10.000ns - sys_clk_pin rise@0.000ns)
  Data Path Delay:        4.772ns  (logic 0.890ns (18.649%)  route 3.882ns (81.351%))
  Logic Levels:           3  (LUT4=2 LUT5=1)
  Clock Path Skew:        -0.023ns (DCD - SCD + CPR)
    Destination Clock Delay (DCD):    4.779ns = ( 14.779 - 10.000 ) 
    Source Clock Delay      (SCD):    5.077ns
    Clock Pessimism Removal (CPR):    0.275ns
  Clock Uncertainty:      0.035ns  ((TSJ^2 + TIJ^2)^1/2 + DJ) / 2 + PE
    Total System Jitter     (TSJ):    0.071ns
    Total Input Jitter      (TIJ):    0.000ns
    Discrete Jitter          (DJ):    0.000ns
    Phase Error              (PE):    0.000ns

    Location             Delay type                Incr(ns)  Path(ns)    Netlist Resource(s)
  -------------------------------------------------------------------    -------------------
                         (clock sys_clk_pin rise edge)
                                                      0.000     0.000 r  
    W5                                                0.000     0.000 r  basys_clk (IN)
                         net (fo=0)                   0.000     0.000    basys_clk
    W5                   IBUF (Prop_ibuf_I_O)         1.458     1.458 r  basys_clk_IBUF_inst/O
                         net (fo=1, routed)           1.967     3.425    basys_clk_IBUF
    BUFGCTRL_X0Y2        BUFG (Prop_bufg_I_O)         0.096     3.521 r  basys_clk_IBUF_BUFG_inst/O
                         net (fo=33, routed)          1.556     5.077    clk_inst/basys_clk_IBUF_BUFG
    SLICE_X30Y32         FDRE                                         r  clk_inst/count_reg[2]/C
  -------------------------------------------------------------------    -------------------
    SLICE_X30Y32         FDRE (Prop_fdre_C_Q)         0.518     5.595 f  clk_inst/count_reg[2]/Q
                         net (fo=2, routed)           1.388     6.983    clk_inst/count_reg_n_0_[2]
    SLICE_X29Y32         LUT4 (Prop_lut4_I0_O)        0.124     7.107 f  clk_inst/count[31]_i_8/O
                         net (fo=1, routed)           0.544     7.651    clk_inst/count[31]_i_8_n_0
    SLICE_X29Y33         LUT5 (Prop_lut5_I4_O)        0.124     7.775 f  clk_inst/count[31]_i_4/O
                         net (fo=2, routed)           1.086     8.862    clk_inst/count[31]_i_4_n_0
    SLICE_X32Y36         LUT4 (Prop_lut4_I2_O)        0.124     8.986 r  clk_inst/count[31]_i_1/O
                         net (fo=32, routed)          0.864     9.850    clk_inst/clk_out0
    SLICE_X30Y33         FDRE                                         r  clk_inst/count_reg[5]/R
  -------------------------------------------------------------------    -------------------

                         (clock sys_clk_pin rise edge)
                                                     10.000    10.000 r  
    W5                                                0.000    10.000 r  basys_clk (IN)
                         net (fo=0)                   0.000    10.000    basys_clk
    W5                   IBUF (Prop_ibuf_I_O)         1.388    11.388 r  basys_clk_IBUF_inst/O
                         net (fo=1, routed)           1.862    13.250    basys_clk_IBUF
    BUFGCTRL_X0Y2        BUFG (Prop_bufg_I_O)         0.091    13.341 r  basys_clk_IBUF_BUFG_inst/O
                         net (fo=33, routed)          1.438    14.779    clk_inst/basys_clk_IBUF_BUFG
    SLICE_X30Y33         FDRE                                         r  clk_inst/count_reg[5]/C
                         clock pessimism              0.275    15.054    
                         clock uncertainty           -0.035    15.019    
    SLICE_X30Y33         FDRE (Setup_fdre_C_R)       -0.524    14.495    clk_inst/count_reg[5]
  -------------------------------------------------------------------
                         required time                         14.495    
                         arrival time                          -9.850    
  -------------------------------------------------------------------
                         slack                                  4.645    

Slack (MET) :             4.645ns  (required time - arrival time)
  Source:                 clk_inst/count_reg[2]/C
                            (rising edge-triggered cell FDRE clocked by sys_clk_pin  {rise@0.000ns fall@5.000ns period=10.000ns})
  Destination:            clk_inst/count_reg[6]/R
                            (rising edge-triggered cell FDRE clocked by sys_clk_pin  {rise@0.000ns fall@5.000ns period=10.000ns})
  Path Group:             sys_clk_pin
  Path Type:              Setup (Max at Slow Process Corner)
  Requirement:            10.000ns  (sys_clk_pin rise@10.000ns - sys_clk_pin rise@0.000ns)
  Data Path Delay:        4.772ns  (logic 0.890ns (18.649%)  route 3.882ns (81.351%))
  Logic Levels:           3  (LUT4=2 LUT5=1)
  Clock Path Skew:        -0.023ns (DCD - SCD + CPR)
    Destination Clock Delay (DCD):    4.779ns = ( 14.779 - 10.000 ) 
    Source Clock Delay      (SCD):    5.077ns
    Clock Pessimism Removal (CPR):    0.275ns
  Clock Uncertainty:      0.035ns  ((TSJ^2 + TIJ^2)^1/2 + DJ) / 2 + PE
    Total System Jitter     (TSJ):    0.071ns
    Total Input Jitter      (TIJ):    0.000ns
    Discrete Jitter          (DJ):    0.000ns
    Phase Error              (PE):    0.000ns

    Location             Delay type                Incr(ns)  Path(ns)    Netlist Resource(s)
  -------------------------------------------------------------------    -------------------
                         (clock sys_clk_pin rise edge)
                                                      0.000     0.000 r  
    W5                                                0.000     0.000 r  basys_clk (IN)
                         net (fo=0)                   0.000     0.000    basys_clk
    W5                   IBUF (Prop_ibuf_I_O)         1.458     1.458 r  basys_clk_IBUF_inst/O
                         net (fo=1, routed)           1.967     3.425    basys_clk_IBUF
    BUFGCTRL_X0Y2        BUFG (Prop_bufg_I_O)         0.096     3.521 r  basys_clk_IBUF_BUFG_inst/O
                         net (fo=33, routed)          1.556     5.077    clk_inst/basys_clk_IBUF_BUFG
    SLICE_X30Y32         FDRE                                         r  clk_inst/count_reg[2]/C
  -------------------------------------------------------------------    -------------------
    SLICE_X30Y32         FDRE (Prop_fdre_C_Q)         0.518     5.595 f  clk_inst/count_reg[2]/Q
                         net (fo=2, routed)           1.388     6.983    clk_inst/count_reg_n_0_[2]
    SLICE_X29Y32         LUT4 (Prop_lut4_I0_O)        0.124     7.107 f  clk_inst/count[31]_i_8/O
                         net (fo=1, routed)           0.544     7.651    clk_inst/count[31]_i_8_n_0
    SLICE_X29Y33         LUT5 (Prop_lut5_I4_O)        0.124     7.775 f  clk_inst/count[31]_i_4/O
                         net (fo=2, routed)           1.086     8.862    clk_inst/count[31]_i_4_n_0
    SLICE_X32Y36         LUT4 (Prop_lut4_I2_O)        0.124     8.986 r  clk_inst/count[31]_i_1/O
                         net (fo=32, routed)          0.864     9.850    clk_inst/clk_out0
    SLICE_X30Y33         FDRE                                         r  clk_inst/count_reg[6]/R
  -------------------------------------------------------------------    -------------------

                         (clock sys_clk_pin rise edge)
                                                     10.000    10.000 r  
    W5                                                0.000    10.000 r  basys_clk (IN)
                         net (fo=0)                   0.000    10.000    basys_clk
    W5                   IBUF (Prop_ibuf_I_O)         1.388    11.388 r  basys_clk_IBUF_inst/O
                         net (fo=1, routed)           1.862    13.250    basys_clk_IBUF
    BUFGCTRL_X0Y2        BUFG (Prop_bufg_I_O)         0.091    13.341 r  basys_clk_IBUF_BUFG_inst/O
                         net (fo=33, routed)          1.438    14.779    clk_inst/basys_clk_IBUF_BUFG
    SLICE_X30Y33         FDRE                                         r  clk_inst/count_reg[6]/C
                         clock pessimism              0.275    15.054    
                         clock uncertainty           -0.035    15.019    
    SLICE_X30Y33         FDRE (Setup_fdre_C_R)       -0.524    14.495    clk_inst/count_reg[6]
  -------------------------------------------------------------------
                         required time                         14.495    
                         arrival time                          -9.850    
  -------------------------------------------------------------------
                         slack                                  4.645    

Slack (MET) :             4.645ns  (required time - arrival time)
  Source:                 clk_inst/count_reg[2]/C
                            (rising edge-triggered cell FDRE clocked by sys_clk_pin  {rise@0.000ns fall@5.000ns period=10.000ns})
  Destination:            clk_inst/count_reg[7]/R
                            (rising edge-triggered cell FDRE clocked by sys_clk_pin  {rise@0.000ns fall@5.000ns period=10.000ns})
  Path Group:             sys_clk_pin
  Path Type:              Setup (Max at Slow Process Corner)
  Requirement:            10.000ns  (sys_clk_pin rise@10.000ns - sys_clk_pin rise@0.000ns)
  Data Path Delay:        4.772ns  (logic 0.890ns (18.649%)  route 3.882ns (81.351%))
  Logic Levels:           3  (LUT4=2 LUT5=1)
  Clock Path Skew:        -0.023ns (DCD - SCD + CPR)
    Destination Clock Delay (DCD):    4.779ns = ( 14.779 - 10.000 ) 
    Source Clock Delay      (SCD):    5.077ns
    Clock Pessimism Removal (CPR):    0.275ns
  Clock Uncertainty:      0.035ns  ((TSJ^2 + TIJ^2)^1/2 + DJ) / 2 + PE
    Total System Jitter     (TSJ):    0.071ns
    Total Input Jitter      (TIJ):    0.000ns
    Discrete Jitter          (DJ):    0.000ns
    Phase Error              (PE):    0.000ns

    Location             Delay type                Incr(ns)  Path(ns)    Netlist Resource(s)
  -------------------------------------------------------------------    -------------------
                         (clock sys_clk_pin rise edge)
                                                      0.000     0.000 r  
    W5                                                0.000     0.000 r  basys_clk (IN)
                         net (fo=0)                   0.000     0.000    basys_clk
    W5                   IBUF (Prop_ibuf_I_O)         1.458     1.458 r  basys_clk_IBUF_inst/O
                         net (fo=1, routed)           1.967     3.425    basys_clk_IBUF
    BUFGCTRL_X0Y2        BUFG (Prop_bufg_I_O)         0.096     3.521 r  basys_clk_IBUF_BUFG_inst/O
                         net (fo=33, routed)          1.556     5.077    clk_inst/basys_clk_IBUF_BUFG
    SLICE_X30Y32         FDRE                                         r  clk_inst/count_reg[2]/C
  -------------------------------------------------------------------    -------------------
    SLICE_X30Y32         FDRE (Prop_fdre_C_Q)         0.518     5.595 f  clk_inst/count_reg[2]/Q
                         net (fo=2, routed)           1.388     6.983    clk_inst/count_reg_n_0_[2]
    SLICE_X29Y32         LUT4 (Prop_lut4_I0_O)        0.124     7.107 f  clk_inst/count[31]_i_8/O
                         net (fo=1, routed)           0.544     7.651    clk_inst/count[31]_i_8_n_0
    SLICE_X29Y33         LUT5 (Prop_lut5_I4_O)        0.124     7.775 f  clk_inst/count[31]_i_4/O
                         net (fo=2, routed)           1.086     8.862    clk_inst/count[31]_i_4_n_0
    SLICE_X32Y36         LUT4 (Prop_lut4_I2_O)        0.124     8.986 r  clk_inst/count[31]_i_1/O
                         net (fo=32, routed)          0.864     9.850    clk_inst/clk_out0
    SLICE_X30Y33         FDRE                                         r  clk_inst/count_reg[7]/R
  -------------------------------------------------------------------    -------------------

                         (clock sys_clk_pin rise edge)
                                                     10.000    10.000 r  
    W5                                                0.000    10.000 r  basys_clk (IN)
                         net (fo=0)                   0.000    10.000    basys_clk
    W5                   IBUF (Prop_ibuf_I_O)         1.388    11.388 r  basys_clk_IBUF_inst/O
                         net (fo=1, routed)           1.862    13.250    basys_clk_IBUF
    BUFGCTRL_X0Y2        BUFG (Prop_bufg_I_O)         0.091    13.341 r  basys_clk_IBUF_BUFG_inst/O
                         net (fo=33, routed)          1.438    14.779    clk_inst/basys_clk_IBUF_BUFG
    SLICE_X30Y33         FDRE                                         r  clk_inst/count_reg[7]/C
                         clock pessimism              0.275    15.054    
                         clock uncertainty           -0.035    15.019    
    SLICE_X30Y33         FDRE (Setup_fdre_C_R)       -0.524    14.495    clk_inst/count_reg[7]
  -------------------------------------------------------------------
                         required time                         14.495    
                         arrival time                          -9.850    
  -------------------------------------------------------------------
                         slack                                  4.645    

Slack (MET) :             4.645ns  (required time - arrival time)
  Source:                 clk_inst/count_reg[2]/C
                            (rising edge-triggered cell FDRE clocked by sys_clk_pin  {rise@0.000ns fall@5.000ns period=10.000ns})
  Destination:            clk_inst/count_reg[8]/R
                            (rising edge-triggered cell FDRE clocked by sys_clk_pin  {rise@0.000ns fall@5.000ns period=10.000ns})
  Path Group:             sys_clk_pin
  Path Type:              Setup (Max at Slow Process Corner)
  Requirement:            10.000ns  (sys_clk_pin rise@10.000ns - sys_clk_pin rise@0.000ns)
  Data Path Delay:        4.772ns  (logic 0.890ns (18.649%)  route 3.882ns (81.351%))
  Logic Levels:           3  (LUT4=2 LUT5=1)
  Clock Path Skew:        -0.023ns (DCD - SCD + CPR)
    Destination Clock Delay (DCD):    4.779ns = ( 14.779 - 10.000 ) 
    Source Clock Delay      (SCD):    5.077ns
    Clock Pessimism Removal (CPR):    0.275ns
  Clock Uncertainty:      0.035ns  ((TSJ^2 + TIJ^2)^1/2 + DJ) / 2 + PE
    Total System Jitter     (TSJ):    0.071ns
    Total Input Jitter      (TIJ):    0.000ns
    Discrete Jitter          (DJ):    0.000ns
    Phase Error              (PE):    0.000ns

    Location             Delay type                Incr(ns)  Path(ns)    Netlist Resource(s)
  -------------------------------------------------------------------    -------------------
                         (clock sys_clk_pin rise edge)
                                                      0.000     0.000 r  
    W5                                                0.000     0.000 r  basys_clk (IN)
                         net (fo=0)                   0.000     0.000    basys_clk
    W5                   IBUF (Prop_ibuf_I_O)         1.458     1.458 r  basys_clk_IBUF_inst/O
                         net (fo=1, routed)           1.967     3.425    basys_clk_IBUF
    BUFGCTRL_X0Y2        BUFG (Prop_bufg_I_O)         0.096     3.521 r  basys_clk_IBUF_BUFG_inst/O
                         net (fo=33, routed)          1.556     5.077    clk_inst/basys_clk_IBUF_BUFG
    SLICE_X30Y32         FDRE                                         r  clk_inst/count_reg[2]/C
  -------------------------------------------------------------------    -------------------
    SLICE_X30Y32         FDRE (Prop_fdre_C_Q)         0.518     5.595 f  clk_inst/count_reg[2]/Q
                         net (fo=2, routed)           1.388     6.983    clk_inst/count_reg_n_0_[2]
    SLICE_X29Y32         LUT4 (Prop_lut4_I0_O)        0.124     7.107 f  clk_inst/count[31]_i_8/O
                         net (fo=1, routed)           0.544     7.651    clk_inst/count[31]_i_8_n_0
    SLICE_X29Y33         LUT5 (Prop_lut5_I4_O)        0.124     7.775 f  clk_inst/count[31]_i_4/O
                         net (fo=2, routed)           1.086     8.862    clk_inst/count[31]_i_4_n_0
    SLICE_X32Y36         LUT4 (Prop_lut4_I2_O)        0.124     8.986 r  clk_inst/count[31]_i_1/O
                         net (fo=32, routed)          0.864     9.850    clk_inst/clk_out0
    SLICE_X30Y33         FDRE                                         r  clk_inst/count_reg[8]/R
  -------------------------------------------------------------------    -------------------

                         (clock sys_clk_pin rise edge)
                                                     10.000    10.000 r  
    W5                                                0.000    10.000 r  basys_clk (IN)
                         net (fo=0)                   0.000    10.000    basys_clk
    W5                   IBUF (Prop_ibuf_I_O)         1.388    11.388 r  basys_clk_IBUF_inst/O
                         net (fo=1, routed)           1.862    13.250    basys_clk_IBUF
    BUFGCTRL_X0Y2        BUFG (Prop_bufg_I_O)         0.091    13.341 r  basys_clk_IBUF_BUFG_inst/O
                         net (fo=33, routed)          1.438    14.779    clk_inst/basys_clk_IBUF_BUFG
    SLICE_X30Y33         FDRE                                         r  clk_inst/count_reg[8]/C
                         clock pessimism              0.275    15.054    
                         clock uncertainty           -0.035    15.019    
    SLICE_X30Y33         FDRE (Setup_fdre_C_R)       -0.524    14.495    clk_inst/count_reg[8]
  -------------------------------------------------------------------
                         required time                         14.495    
                         arrival time                          -9.850    
  -------------------------------------------------------------------
                         slack                                  4.645    

Slack (MET) :             4.695ns  (required time - arrival time)
  Source:                 clk_inst/count_reg[2]/C
                            (rising edge-triggered cell FDRE clocked by sys_clk_pin  {rise@0.000ns fall@5.000ns period=10.000ns})
  Destination:            clk_inst/count_reg[10]/R
                            (rising edge-triggered cell FDRE clocked by sys_clk_pin  {rise@0.000ns fall@5.000ns period=10.000ns})
  Path Group:             sys_clk_pin
  Path Type:              Setup (Max at Slow Process Corner)
  Requirement:            10.000ns  (sys_clk_pin rise@10.000ns - sys_clk_pin rise@0.000ns)
  Data Path Delay:        4.723ns  (logic 0.890ns (18.843%)  route 3.833ns (81.157%))
  Logic Levels:           3  (LUT4=2 LUT5=1)
  Clock Path Skew:        -0.022ns (DCD - SCD + CPR)
    Destination Clock Delay (DCD):    4.780ns = ( 14.780 - 10.000 ) 
    Source Clock Delay      (SCD):    5.077ns
    Clock Pessimism Removal (CPR):    0.275ns
  Clock Uncertainty:      0.035ns  ((TSJ^2 + TIJ^2)^1/2 + DJ) / 2 + PE
    Total System Jitter     (TSJ):    0.071ns
    Total Input Jitter      (TIJ):    0.000ns
    Discrete Jitter          (DJ):    0.000ns
    Phase Error              (PE):    0.000ns

    Location             Delay type                Incr(ns)  Path(ns)    Netlist Resource(s)
  -------------------------------------------------------------------    -------------------
                         (clock sys_clk_pin rise edge)
                                                      0.000     0.000 r  
    W5                                                0.000     0.000 r  basys_clk (IN)
                         net (fo=0)                   0.000     0.000    basys_clk
    W5                   IBUF (Prop_ibuf_I_O)         1.458     1.458 r  basys_clk_IBUF_inst/O
                         net (fo=1, routed)           1.967     3.425    basys_clk_IBUF
    BUFGCTRL_X0Y2        BUFG (Prop_bufg_I_O)         0.096     3.521 r  basys_clk_IBUF_BUFG_inst/O
                         net (fo=33, routed)          1.556     5.077    clk_inst/basys_clk_IBUF_BUFG
    SLICE_X30Y32         FDRE                                         r  clk_inst/count_reg[2]/C
  -------------------------------------------------------------------    -------------------
    SLICE_X30Y32         FDRE (Prop_fdre_C_Q)         0.518     5.595 f  clk_inst/count_reg[2]/Q
                         net (fo=2, routed)           1.388     6.983    clk_inst/count_reg_n_0_[2]
    SLICE_X29Y32         LUT4 (Prop_lut4_I0_O)        0.124     7.107 f  clk_inst/count[31]_i_8/O
                         net (fo=1, routed)           0.544     7.651    clk_inst/count[31]_i_8_n_0
    SLICE_X29Y33         LUT5 (Prop_lut5_I4_O)        0.124     7.775 f  clk_inst/count[31]_i_4/O
                         net (fo=2, routed)           1.086     8.862    clk_inst/count[31]_i_4_n_0
    SLICE_X32Y36         LUT4 (Prop_lut4_I2_O)        0.124     8.986 r  clk_inst/count[31]_i_1/O
                         net (fo=32, routed)          0.815     9.801    clk_inst/clk_out0
    SLICE_X30Y34         FDRE                                         r  clk_inst/count_reg[10]/R
  -------------------------------------------------------------------    -------------------

                         (clock sys_clk_pin rise edge)
                                                     10.000    10.000 r  
    W5                                                0.000    10.000 r  basys_clk (IN)
                         net (fo=0)                   0.000    10.000    basys_clk
    W5                   IBUF (Prop_ibuf_I_O)         1.388    11.388 r  basys_clk_IBUF_inst/O
                         net (fo=1, routed)           1.862    13.250    basys_clk_IBUF
    BUFGCTRL_X0Y2        BUFG (Prop_bufg_I_O)         0.091    13.341 r  basys_clk_IBUF_BUFG_inst/O
                         net (fo=33, routed)          1.439    14.780    clk_inst/basys_clk_IBUF_BUFG
    SLICE_X30Y34         FDRE                                         r  clk_inst/count_reg[10]/C
                         clock pessimism              0.275    15.055    
                         clock uncertainty           -0.035    15.020    
    SLICE_X30Y34         FDRE (Setup_fdre_C_R)       -0.524    14.496    clk_inst/count_reg[10]
  -------------------------------------------------------------------
                         required time                         14.496    
                         arrival time                          -9.801    
  -------------------------------------------------------------------
                         slack                                  4.695    





Min Delay Paths
--------------------------------------------------------------------------------------
Slack (MET) :             0.320ns  (arrival time - required time)
  Source:                 clk_inst/count_reg[1]/C
                            (rising edge-triggered cell FDRE clocked by sys_clk_pin  {rise@0.000ns fall@5.000ns period=10.000ns})
  Destination:            clk_inst/count_reg[1]/D
                            (rising edge-triggered cell FDRE clocked by sys_clk_pin  {rise@0.000ns fall@5.000ns period=10.000ns})
  Path Group:             sys_clk_pin
  Path Type:              Hold (Min at Fast Process Corner)
  Requirement:            0.000ns  (sys_clk_pin rise@0.000ns - sys_clk_pin rise@0.000ns)
  Data Path Delay:        0.454ns  (logic 0.279ns (61.421%)  route 0.175ns (38.579%))
  Logic Levels:           1  (CARRY4=1)
  Clock Path Skew:        0.000ns (DCD - SCD - CPR)
    Destination Clock Delay (DCD):    1.951ns
    Source Clock Delay      (SCD):    1.440ns
    Clock Pessimism Removal (CPR):    0.511ns

    Location             Delay type                Incr(ns)  Path(ns)    Netlist Resource(s)
  -------------------------------------------------------------------    -------------------
                         (clock sys_clk_pin rise edge)
                                                      0.000     0.000 r  
    W5                                                0.000     0.000 r  basys_clk (IN)
                         net (fo=0)                   0.000     0.000    basys_clk
    W5                   IBUF (Prop_ibuf_I_O)         0.226     0.226 r  basys_clk_IBUF_inst/O
                         net (fo=1, routed)           0.631     0.858    basys_clk_IBUF
    BUFGCTRL_X0Y2        BUFG (Prop_bufg_I_O)         0.026     0.884 r  basys_clk_IBUF_BUFG_inst/O
                         net (fo=33, routed)          0.557     1.440    clk_inst/basys_clk_IBUF_BUFG
    SLICE_X30Y32         FDRE                                         r  clk_inst/count_reg[1]/C
  -------------------------------------------------------------------    -------------------
    SLICE_X30Y32         FDRE (Prop_fdre_C_Q)         0.164     1.604 r  clk_inst/count_reg[1]/Q
                         net (fo=2, routed)           0.175     1.779    clk_inst/count_reg_n_0_[1]
    SLICE_X30Y32         CARRY4 (Prop_carry4_S[0]_O[0])
                                                      0.115     1.894 r  clk_inst/count1_carry/O[0]
                         net (fo=1, routed)           0.000     1.894    clk_inst/count1_carry_n_7
    SLICE_X30Y32         FDRE                                         r  clk_inst/count_reg[1]/D
  -------------------------------------------------------------------    -------------------

                         (clock sys_clk_pin rise edge)
                                                      0.000     0.000 r  
    W5                                                0.000     0.000 r  basys_clk (IN)
                         net (fo=0)                   0.000     0.000    basys_clk
    W5                   IBUF (Prop_ibuf_I_O)         0.414     0.414 r  basys_clk_IBUF_inst/O
                         net (fo=1, routed)           0.685     1.099    basys_clk_IBUF
    BUFGCTRL_X0Y2        BUFG (Prop_bufg_I_O)         0.029     1.128 r  basys_clk_IBUF_BUFG_inst/O
                         net (fo=33, routed)          0.824     1.951    clk_inst/basys_clk_IBUF_BUFG
    SLICE_X30Y32         FDRE                                         r  clk_inst/count_reg[1]/C
                         clock pessimism             -0.511     1.440    
    SLICE_X30Y32         FDRE (Hold_fdre_C_D)         0.134     1.574    clk_inst/count_reg[1]
  -------------------------------------------------------------------
                         required time                         -1.574    
                         arrival time                           1.894    
  -------------------------------------------------------------------
                         slack                                  0.320    

Slack (MET) :             0.324ns  (arrival time - required time)
  Source:                 clk_inst/count_reg[20]/C
                            (rising edge-triggered cell FDRE clocked by sys_clk_pin  {rise@0.000ns fall@5.000ns period=10.000ns})
  Destination:            clk_inst/count_reg[20]/D
                            (rising edge-triggered cell FDRE clocked by sys_clk_pin  {rise@0.000ns fall@5.000ns period=10.000ns})
  Path Group:             sys_clk_pin
  Path Type:              Hold (Min at Fast Process Corner)
  Requirement:            0.000ns  (sys_clk_pin rise@0.000ns - sys_clk_pin rise@0.000ns)
  Data Path Delay:        0.458ns  (logic 0.273ns (59.635%)  route 0.185ns (40.365%))
  Logic Levels:           1  (CARRY4=1)
  Clock Path Skew:        0.000ns (DCD - SCD - CPR)
    Destination Clock Delay (DCD):    1.954ns
    Source Clock Delay      (SCD):    1.442ns
    Clock Pessimism Removal (CPR):    0.512ns

    Location             Delay type                Incr(ns)  Path(ns)    Netlist Resource(s)
  -------------------------------------------------------------------    -------------------
                         (clock sys_clk_pin rise edge)
                                                      0.000     0.000 r  
    W5                                                0.000     0.000 r  basys_clk (IN)
                         net (fo=0)                   0.000     0.000    basys_clk
    W5                   IBUF (Prop_ibuf_I_O)         0.226     0.226 r  basys_clk_IBUF_inst/O
                         net (fo=1, routed)           0.631     0.858    basys_clk_IBUF
    BUFGCTRL_X0Y2        BUFG (Prop_bufg_I_O)         0.026     0.884 r  basys_clk_IBUF_BUFG_inst/O
                         net (fo=33, routed)          0.559     1.442    clk_inst/basys_clk_IBUF_BUFG
    SLICE_X30Y36         FDRE                                         r  clk_inst/count_reg[20]/C
  -------------------------------------------------------------------    -------------------
    SLICE_X30Y36         FDRE (Prop_fdre_C_Q)         0.164     1.606 r  clk_inst/count_reg[20]/Q
                         net (fo=2, routed)           0.185     1.791    clk_inst/count_reg_n_0_[20]
    SLICE_X30Y36         CARRY4 (Prop_carry4_S[3]_O[3])
                                                      0.109     1.900 r  clk_inst/count1_carry__3/O[3]
                         net (fo=1, routed)           0.000     1.900    clk_inst/count1_carry__3_n_4
    SLICE_X30Y36         FDRE                                         r  clk_inst/count_reg[20]/D
  -------------------------------------------------------------------    -------------------

                         (clock sys_clk_pin rise edge)
                                                      0.000     0.000 r  
    W5                                                0.000     0.000 r  basys_clk (IN)
                         net (fo=0)                   0.000     0.000    basys_clk
    W5                   IBUF (Prop_ibuf_I_O)         0.414     0.414 r  basys_clk_IBUF_inst/O
                         net (fo=1, routed)           0.685     1.099    basys_clk_IBUF
    BUFGCTRL_X0Y2        BUFG (Prop_bufg_I_O)         0.029     1.128 r  basys_clk_IBUF_BUFG_inst/O
                         net (fo=33, routed)          0.827     1.954    clk_inst/basys_clk_IBUF_BUFG
    SLICE_X30Y36         FDRE                                         r  clk_inst/count_reg[20]/C
                         clock pessimism             -0.512     1.442    
    SLICE_X30Y36         FDRE (Hold_fdre_C_D)         0.134     1.576    clk_inst/count_reg[20]
  -------------------------------------------------------------------
                         required time                         -1.576    
                         arrival time                           1.900    
  -------------------------------------------------------------------
                         slack                                  0.324    

Slack (MET) :             0.324ns  (arrival time - required time)
  Source:                 clk_inst/count_reg[24]/C
                            (rising edge-triggered cell FDRE clocked by sys_clk_pin  {rise@0.000ns fall@5.000ns period=10.000ns})
  Destination:            clk_inst/count_reg[24]/D
                            (rising edge-triggered cell FDRE clocked by sys_clk_pin  {rise@0.000ns fall@5.000ns period=10.000ns})
  Path Group:             sys_clk_pin
  Path Type:              Hold (Min at Fast Process Corner)
  Requirement:            0.000ns  (sys_clk_pin rise@0.000ns - sys_clk_pin rise@0.000ns)
  Data Path Delay:        0.458ns  (logic 0.273ns (59.635%)  route 0.185ns (40.365%))
  Logic Levels:           1  (CARRY4=1)
  Clock Path Skew:        0.000ns (DCD - SCD - CPR)
    Destination Clock Delay (DCD):    1.955ns
    Source Clock Delay      (SCD):    1.443ns
    Clock Pessimism Removal (CPR):    0.512ns

    Location             Delay type                Incr(ns)  Path(ns)    Netlist Resource(s)
  -------------------------------------------------------------------    -------------------
                         (clock sys_clk_pin rise edge)
                                                      0.000     0.000 r  
    W5                                                0.000     0.000 r  basys_clk (IN)
                         net (fo=0)                   0.000     0.000    basys_clk
    W5                   IBUF (Prop_ibuf_I_O)         0.226     0.226 r  basys_clk_IBUF_inst/O
                         net (fo=1, routed)           0.631     0.858    basys_clk_IBUF
    BUFGCTRL_X0Y2        BUFG (Prop_bufg_I_O)         0.026     0.884 r  basys_clk_IBUF_BUFG_inst/O
                         net (fo=33, routed)          0.560     1.443    clk_inst/basys_clk_IBUF_BUFG
    SLICE_X30Y37         FDRE                                         r  clk_inst/count_reg[24]/C
  -------------------------------------------------------------------    -------------------
    SLICE_X30Y37         FDRE (Prop_fdre_C_Q)         0.164     1.607 r  clk_inst/count_reg[24]/Q
                         net (fo=2, routed)           0.185     1.792    clk_inst/count_reg_n_0_[24]
    SLICE_X30Y37         CARRY4 (Prop_carry4_S[3]_O[3])
                                                      0.109     1.901 r  clk_inst/count1_carry__4/O[3]
                         net (fo=1, routed)           0.000     1.901    clk_inst/count1_carry__4_n_4
    SLICE_X30Y37         FDRE                                         r  clk_inst/count_reg[24]/D
  -------------------------------------------------------------------    -------------------

                         (clock sys_clk_pin rise edge)
                                                      0.000     0.000 r  
    W5                                                0.000     0.000 r  basys_clk (IN)
                         net (fo=0)                   0.000     0.000    basys_clk
    W5                   IBUF (Prop_ibuf_I_O)         0.414     0.414 r  basys_clk_IBUF_inst/O
                         net (fo=1, routed)           0.685     1.099    basys_clk_IBUF
    BUFGCTRL_X0Y2        BUFG (Prop_bufg_I_O)         0.029     1.128 r  basys_clk_IBUF_BUFG_inst/O
                         net (fo=33, routed)          0.828     1.955    clk_inst/basys_clk_IBUF_BUFG
    SLICE_X30Y37         FDRE                                         r  clk_inst/count_reg[24]/C
                         clock pessimism             -0.512     1.443    
    SLICE_X30Y37         FDRE (Hold_fdre_C_D)         0.134     1.577    clk_inst/count_reg[24]
  -------------------------------------------------------------------
                         required time                         -1.577    
                         arrival time                           1.901    
  -------------------------------------------------------------------
                         slack                                  0.324    

Slack (MET) :             0.324ns  (arrival time - required time)
  Source:                 clk_inst/count_reg[28]/C
                            (rising edge-triggered cell FDRE clocked by sys_clk_pin  {rise@0.000ns fall@5.000ns period=10.000ns})
  Destination:            clk_inst/count_reg[28]/D
                            (rising edge-triggered cell FDRE clocked by sys_clk_pin  {rise@0.000ns fall@5.000ns period=10.000ns})
  Path Group:             sys_clk_pin
  Path Type:              Hold (Min at Fast Process Corner)
  Requirement:            0.000ns  (sys_clk_pin rise@0.000ns - sys_clk_pin rise@0.000ns)
  Data Path Delay:        0.458ns  (logic 0.273ns (59.627%)  route 0.185ns (40.373%))
  Logic Levels:           1  (CARRY4=1)
  Clock Path Skew:        0.000ns (DCD - SCD - CPR)
    Destination Clock Delay (DCD):    1.957ns
    Source Clock Delay      (SCD):    1.444ns
    Clock Pessimism Removal (CPR):    0.513ns

    Location             Delay type                Incr(ns)  Path(ns)    Netlist Resource(s)
  -------------------------------------------------------------------    -------------------
                         (clock sys_clk_pin rise edge)
                                                      0.000     0.000 r  
    W5                                                0.000     0.000 r  basys_clk (IN)
                         net (fo=0)                   0.000     0.000    basys_clk
    W5                   IBUF (Prop_ibuf_I_O)         0.226     0.226 r  basys_clk_IBUF_inst/O
                         net (fo=1, routed)           0.631     0.858    basys_clk_IBUF
    BUFGCTRL_X0Y2        BUFG (Prop_bufg_I_O)         0.026     0.884 r  basys_clk_IBUF_BUFG_inst/O
                         net (fo=33, routed)          0.561     1.444    clk_inst/basys_clk_IBUF_BUFG
    SLICE_X30Y38         FDRE                                         r  clk_inst/count_reg[28]/C
  -------------------------------------------------------------------    -------------------
    SLICE_X30Y38         FDRE (Prop_fdre_C_Q)         0.164     1.608 r  clk_inst/count_reg[28]/Q
                         net (fo=2, routed)           0.185     1.793    clk_inst/count_reg_n_0_[28]
    SLICE_X30Y38         CARRY4 (Prop_carry4_S[3]_O[3])
                                                      0.109     1.902 r  clk_inst/count1_carry__5/O[3]
                         net (fo=1, routed)           0.000     1.902    clk_inst/count1_carry__5_n_4
    SLICE_X30Y38         FDRE                                         r  clk_inst/count_reg[28]/D
  -------------------------------------------------------------------    -------------------

                         (clock sys_clk_pin rise edge)
                                                      0.000     0.000 r  
    W5                                                0.000     0.000 r  basys_clk (IN)
                         net (fo=0)                   0.000     0.000    basys_clk
    W5                   IBUF (Prop_ibuf_I_O)         0.414     0.414 r  basys_clk_IBUF_inst/O
                         net (fo=1, routed)           0.685     1.099    basys_clk_IBUF
    BUFGCTRL_X0Y2        BUFG (Prop_bufg_I_O)         0.029     1.128 r  basys_clk_IBUF_BUFG_inst/O
                         net (fo=33, routed)          0.830     1.957    clk_inst/basys_clk_IBUF_BUFG
    SLICE_X30Y38         FDRE                                         r  clk_inst/count_reg[28]/C
                         clock pessimism             -0.513     1.444    
    SLICE_X30Y38         FDRE (Hold_fdre_C_D)         0.134     1.578    clk_inst/count_reg[28]
  -------------------------------------------------------------------
                         required time                         -1.578    
                         arrival time                           1.902    
  -------------------------------------------------------------------
                         slack                                  0.324    

Slack (MET) :             0.328ns  (arrival time - required time)
  Source:                 clk_inst/count_reg[13]/C
                            (rising edge-triggered cell FDRE clocked by sys_clk_pin  {rise@0.000ns fall@5.000ns period=10.000ns})
  Destination:            clk_inst/count_reg[13]/D
                            (rising edge-triggered cell FDRE clocked by sys_clk_pin  {rise@0.000ns fall@5.000ns period=10.000ns})
  Path Group:             sys_clk_pin
  Path Type:              Hold (Min at Fast Process Corner)
  Requirement:            0.000ns  (sys_clk_pin rise@0.000ns - sys_clk_pin rise@0.000ns)
  Data Path Delay:        0.462ns  (logic 0.279ns (60.431%)  route 0.183ns (39.569%))
  Logic Levels:           1  (CARRY4=1)
  Clock Path Skew:        0.000ns (DCD - SCD - CPR)
    Destination Clock Delay (DCD):    1.954ns
    Source Clock Delay      (SCD):    1.442ns
    Clock Pessimism Removal (CPR):    0.512ns

    Location             Delay type                Incr(ns)  Path(ns)    Netlist Resource(s)
  -------------------------------------------------------------------    -------------------
                         (clock sys_clk_pin rise edge)
                                                      0.000     0.000 r  
    W5                                                0.000     0.000 r  basys_clk (IN)
                         net (fo=0)                   0.000     0.000    basys_clk
    W5                   IBUF (Prop_ibuf_I_O)         0.226     0.226 r  basys_clk_IBUF_inst/O
                         net (fo=1, routed)           0.631     0.858    basys_clk_IBUF
    BUFGCTRL_X0Y2        BUFG (Prop_bufg_I_O)         0.026     0.884 r  basys_clk_IBUF_BUFG_inst/O
                         net (fo=33, routed)          0.559     1.442    clk_inst/basys_clk_IBUF_BUFG
    SLICE_X30Y35         FDRE                                         r  clk_inst/count_reg[13]/C
  -------------------------------------------------------------------    -------------------
    SLICE_X30Y35         FDRE (Prop_fdre_C_Q)         0.164     1.606 r  clk_inst/count_reg[13]/Q
                         net (fo=2, routed)           0.183     1.789    clk_inst/count_reg_n_0_[13]
    SLICE_X30Y35         CARRY4 (Prop_carry4_S[0]_O[0])
                                                      0.115     1.904 r  clk_inst/count1_carry__2/O[0]
                         net (fo=1, routed)           0.000     1.904    clk_inst/count1_carry__2_n_7
    SLICE_X30Y35         FDRE                                         r  clk_inst/count_reg[13]/D
  -------------------------------------------------------------------    -------------------

                         (clock sys_clk_pin rise edge)
                                                      0.000     0.000 r  
    W5                                                0.000     0.000 r  basys_clk (IN)
                         net (fo=0)                   0.000     0.000    basys_clk
    W5                   IBUF (Prop_ibuf_I_O)         0.414     0.414 r  basys_clk_IBUF_inst/O
                         net (fo=1, routed)           0.685     1.099    basys_clk_IBUF
    BUFGCTRL_X0Y2        BUFG (Prop_bufg_I_O)         0.029     1.128 r  basys_clk_IBUF_BUFG_inst/O
                         net (fo=33, routed)          0.827     1.954    clk_inst/basys_clk_IBUF_BUFG
    SLICE_X30Y35         FDRE                                         r  clk_inst/count_reg[13]/C
                         clock pessimism             -0.512     1.442    
    SLICE_X30Y35         FDRE (Hold_fdre_C_D)         0.134     1.576    clk_inst/count_reg[13]
  -------------------------------------------------------------------
                         required time                         -1.576    
                         arrival time                           1.904    
  -------------------------------------------------------------------
                         slack                                  0.328    

Slack (MET) :             0.328ns  (arrival time - required time)
  Source:                 clk_inst/count_reg[29]/C
                            (rising edge-triggered cell FDRE clocked by sys_clk_pin  {rise@0.000ns fall@5.000ns period=10.000ns})
  Destination:            clk_inst/count_reg[29]/D
                            (rising edge-triggered cell FDRE clocked by sys_clk_pin  {rise@0.000ns fall@5.000ns period=10.000ns})
  Path Group:             sys_clk_pin
  Path Type:              Hold (Min at Fast Process Corner)
  Requirement:            0.000ns  (sys_clk_pin rise@0.000ns - sys_clk_pin rise@0.000ns)
  Data Path Delay:        0.462ns  (logic 0.279ns (60.431%)  route 0.183ns (39.569%))
  Logic Levels:           1  (CARRY4=1)
  Clock Path Skew:        0.000ns (DCD - SCD - CPR)
    Destination Clock Delay (DCD):    1.957ns
    Source Clock Delay      (SCD):    1.444ns
    Clock Pessimism Removal (CPR):    0.513ns

    Location             Delay type                Incr(ns)  Path(ns)    Netlist Resource(s)
  -------------------------------------------------------------------    -------------------
                         (clock sys_clk_pin rise edge)
                                                      0.000     0.000 r  
    W5                                                0.000     0.000 r  basys_clk (IN)
                         net (fo=0)                   0.000     0.000    basys_clk
    W5                   IBUF (Prop_ibuf_I_O)         0.226     0.226 r  basys_clk_IBUF_inst/O
                         net (fo=1, routed)           0.631     0.858    basys_clk_IBUF
    BUFGCTRL_X0Y2        BUFG (Prop_bufg_I_O)         0.026     0.884 r  basys_clk_IBUF_BUFG_inst/O
                         net (fo=33, routed)          0.561     1.444    clk_inst/basys_clk_IBUF_BUFG
    SLICE_X30Y39         FDRE                                         r  clk_inst/count_reg[29]/C
  -------------------------------------------------------------------    -------------------
    SLICE_X30Y39         FDRE (Prop_fdre_C_Q)         0.164     1.608 r  clk_inst/count_reg[29]/Q
                         net (fo=2, routed)           0.183     1.791    clk_inst/count_reg_n_0_[29]
    SLICE_X30Y39         CARRY4 (Prop_carry4_S[0]_O[0])
                                                      0.115     1.906 r  clk_inst/count1_carry__6/O[0]
                         net (fo=1, routed)           0.000     1.906    clk_inst/count1_carry__6_n_7
    SLICE_X30Y39         FDRE                                         r  clk_inst/count_reg[29]/D
  -------------------------------------------------------------------    -------------------

                         (clock sys_clk_pin rise edge)
                                                      0.000     0.000 r  
    W5                                                0.000     0.000 r  basys_clk (IN)
                         net (fo=0)                   0.000     0.000    basys_clk
    W5                   IBUF (Prop_ibuf_I_O)         0.414     0.414 r  basys_clk_IBUF_inst/O
                         net (fo=1, routed)           0.685     1.099    basys_clk_IBUF
    BUFGCTRL_X0Y2        BUFG (Prop_bufg_I_O)         0.029     1.128 r  basys_clk_IBUF_BUFG_inst/O
                         net (fo=33, routed)          0.830     1.957    clk_inst/basys_clk_IBUF_BUFG
    SLICE_X30Y39         FDRE                                         r  clk_inst/count_reg[29]/C
                         clock pessimism             -0.513     1.444    
    SLICE_X30Y39         FDRE (Hold_fdre_C_D)         0.134     1.578    clk_inst/count_reg[29]
  -------------------------------------------------------------------
                         required time                         -1.578    
                         arrival time                           1.906    
  -------------------------------------------------------------------
                         slack                                  0.328    

Slack (MET) :             0.355ns  (arrival time - required time)
  Source:                 clk_inst/count_reg[1]/C
                            (rising edge-triggered cell FDRE clocked by sys_clk_pin  {rise@0.000ns fall@5.000ns period=10.000ns})
  Destination:            clk_inst/count_reg[2]/D
                            (rising edge-triggered cell FDRE clocked by sys_clk_pin  {rise@0.000ns fall@5.000ns period=10.000ns})
  Path Group:             sys_clk_pin
  Path Type:              Hold (Min at Fast Process Corner)
  Requirement:            0.000ns  (sys_clk_pin rise@0.000ns - sys_clk_pin rise@0.000ns)
  Data Path Delay:        0.489ns  (logic 0.314ns (64.181%)  route 0.175ns (35.819%))
  Logic Levels:           1  (CARRY4=1)
  Clock Path Skew:        0.000ns (DCD - SCD - CPR)
    Destination Clock Delay (DCD):    1.951ns
    Source Clock Delay      (SCD):    1.440ns
    Clock Pessimism Removal (CPR):    0.511ns

    Location             Delay type                Incr(ns)  Path(ns)    Netlist Resource(s)
  -------------------------------------------------------------------    -------------------
                         (clock sys_clk_pin rise edge)
                                                      0.000     0.000 r  
    W5                                                0.000     0.000 r  basys_clk (IN)
                         net (fo=0)                   0.000     0.000    basys_clk
    W5                   IBUF (Prop_ibuf_I_O)         0.226     0.226 r  basys_clk_IBUF_inst/O
                         net (fo=1, routed)           0.631     0.858    basys_clk_IBUF
    BUFGCTRL_X0Y2        BUFG (Prop_bufg_I_O)         0.026     0.884 r  basys_clk_IBUF_BUFG_inst/O
                         net (fo=33, routed)          0.557     1.440    clk_inst/basys_clk_IBUF_BUFG
    SLICE_X30Y32         FDRE                                         r  clk_inst/count_reg[1]/C
  -------------------------------------------------------------------    -------------------
    SLICE_X30Y32         FDRE (Prop_fdre_C_Q)         0.164     1.604 r  clk_inst/count_reg[1]/Q
                         net (fo=2, routed)           0.175     1.779    clk_inst/count_reg_n_0_[1]
    SLICE_X30Y32         CARRY4 (Prop_carry4_S[0]_O[1])
                                                      0.150     1.929 r  clk_inst/count1_carry/O[1]
                         net (fo=1, routed)           0.000     1.929    clk_inst/count1_carry_n_6
    SLICE_X30Y32         FDRE                                         r  clk_inst/count_reg[2]/D
  -------------------------------------------------------------------    -------------------

                         (clock sys_clk_pin rise edge)
                                                      0.000     0.000 r  
    W5                                                0.000     0.000 r  basys_clk (IN)
                         net (fo=0)                   0.000     0.000    basys_clk
    W5                   IBUF (Prop_ibuf_I_O)         0.414     0.414 r  basys_clk_IBUF_inst/O
                         net (fo=1, routed)           0.685     1.099    basys_clk_IBUF
    BUFGCTRL_X0Y2        BUFG (Prop_bufg_I_O)         0.029     1.128 r  basys_clk_IBUF_BUFG_inst/O
                         net (fo=33, routed)          0.824     1.951    clk_inst/basys_clk_IBUF_BUFG
    SLICE_X30Y32         FDRE                                         r  clk_inst/count_reg[2]/C
                         clock pessimism             -0.511     1.440    
    SLICE_X30Y32         FDRE (Hold_fdre_C_D)         0.134     1.574    clk_inst/count_reg[2]
  -------------------------------------------------------------------
                         required time                         -1.574    
                         arrival time                           1.929    
  -------------------------------------------------------------------
                         slack                                  0.355    

Slack (MET) :             0.363ns  (arrival time - required time)
  Source:                 clk_inst/count_reg[13]/C
                            (rising edge-triggered cell FDRE clocked by sys_clk_pin  {rise@0.000ns fall@5.000ns period=10.000ns})
  Destination:            clk_inst/count_reg[14]/D
                            (rising edge-triggered cell FDRE clocked by sys_clk_pin  {rise@0.000ns fall@5.000ns period=10.000ns})
  Path Group:             sys_clk_pin
  Path Type:              Hold (Min at Fast Process Corner)
  Requirement:            0.000ns  (sys_clk_pin rise@0.000ns - sys_clk_pin rise@0.000ns)
  Data Path Delay:        0.497ns  (logic 0.314ns (63.219%)  route 0.183ns (36.781%))
  Logic Levels:           1  (CARRY4=1)
  Clock Path Skew:        0.000ns (DCD - SCD - CPR)
    Destination Clock Delay (DCD):    1.954ns
    Source Clock Delay      (SCD):    1.442ns
    Clock Pessimism Removal (CPR):    0.512ns

    Location             Delay type                Incr(ns)  Path(ns)    Netlist Resource(s)
  -------------------------------------------------------------------    -------------------
                         (clock sys_clk_pin rise edge)
                                                      0.000     0.000 r  
    W5                                                0.000     0.000 r  basys_clk (IN)
                         net (fo=0)                   0.000     0.000    basys_clk
    W5                   IBUF (Prop_ibuf_I_O)         0.226     0.226 r  basys_clk_IBUF_inst/O
                         net (fo=1, routed)           0.631     0.858    basys_clk_IBUF
    BUFGCTRL_X0Y2        BUFG (Prop_bufg_I_O)         0.026     0.884 r  basys_clk_IBUF_BUFG_inst/O
                         net (fo=33, routed)          0.559     1.442    clk_inst/basys_clk_IBUF_BUFG
    SLICE_X30Y35         FDRE                                         r  clk_inst/count_reg[13]/C
  -------------------------------------------------------------------    -------------------
    SLICE_X30Y35         FDRE (Prop_fdre_C_Q)         0.164     1.606 r  clk_inst/count_reg[13]/Q
                         net (fo=2, routed)           0.183     1.789    clk_inst/count_reg_n_0_[13]
    SLICE_X30Y35         CARRY4 (Prop_carry4_S[0]_O[1])
                                                      0.150     1.939 r  clk_inst/count1_carry__2/O[1]
                         net (fo=1, routed)           0.000     1.939    clk_inst/count1_carry__2_n_6
    SLICE_X30Y35         FDRE                                         r  clk_inst/count_reg[14]/D
  -------------------------------------------------------------------    -------------------

                         (clock sys_clk_pin rise edge)
                                                      0.000     0.000 r  
    W5                                                0.000     0.000 r  basys_clk (IN)
                         net (fo=0)                   0.000     0.000    basys_clk
    W5                   IBUF (Prop_ibuf_I_O)         0.414     0.414 r  basys_clk_IBUF_inst/O
                         net (fo=1, routed)           0.685     1.099    basys_clk_IBUF
    BUFGCTRL_X0Y2        BUFG (Prop_bufg_I_O)         0.029     1.128 r  basys_clk_IBUF_BUFG_inst/O
                         net (fo=33, routed)          0.827     1.954    clk_inst/basys_clk_IBUF_BUFG
    SLICE_X30Y35         FDRE                                         r  clk_inst/count_reg[14]/C
                         clock pessimism             -0.512     1.442    
    SLICE_X30Y35         FDRE (Hold_fdre_C_D)         0.134     1.576    clk_inst/count_reg[14]
  -------------------------------------------------------------------
                         required time                         -1.576    
                         arrival time                           1.939    
  -------------------------------------------------------------------
                         slack                                  0.363    

Slack (MET) :             0.363ns  (arrival time - required time)
  Source:                 clk_inst/count_reg[29]/C
                            (rising edge-triggered cell FDRE clocked by sys_clk_pin  {rise@0.000ns fall@5.000ns period=10.000ns})
  Destination:            clk_inst/count_reg[30]/D
                            (rising edge-triggered cell FDRE clocked by sys_clk_pin  {rise@0.000ns fall@5.000ns period=10.000ns})
  Path Group:             sys_clk_pin
  Path Type:              Hold (Min at Fast Process Corner)
  Requirement:            0.000ns  (sys_clk_pin rise@0.000ns - sys_clk_pin rise@0.000ns)
  Data Path Delay:        0.497ns  (logic 0.314ns (63.219%)  route 0.183ns (36.781%))
  Logic Levels:           1  (CARRY4=1)
  Clock Path Skew:        0.000ns (DCD - SCD - CPR)
    Destination Clock Delay (DCD):    1.957ns
    Source Clock Delay      (SCD):    1.444ns
    Clock Pessimism Removal (CPR):    0.513ns

    Location             Delay type                Incr(ns)  Path(ns)    Netlist Resource(s)
  -------------------------------------------------------------------    -------------------
                         (clock sys_clk_pin rise edge)
                                                      0.000     0.000 r  
    W5                                                0.000     0.000 r  basys_clk (IN)
                         net (fo=0)                   0.000     0.000    basys_clk
    W5                   IBUF (Prop_ibuf_I_O)         0.226     0.226 r  basys_clk_IBUF_inst/O
                         net (fo=1, routed)           0.631     0.858    basys_clk_IBUF
    BUFGCTRL_X0Y2        BUFG (Prop_bufg_I_O)         0.026     0.884 r  basys_clk_IBUF_BUFG_inst/O
                         net (fo=33, routed)          0.561     1.444    clk_inst/basys_clk_IBUF_BUFG
    SLICE_X30Y39         FDRE                                         r  clk_inst/count_reg[29]/C
  -------------------------------------------------------------------    -------------------
    SLICE_X30Y39         FDRE (Prop_fdre_C_Q)         0.164     1.608 r  clk_inst/count_reg[29]/Q
                         net (fo=2, routed)           0.183     1.791    clk_inst/count_reg_n_0_[29]
    SLICE_X30Y39         CARRY4 (Prop_carry4_S[0]_O[1])
                                                      0.150     1.941 r  clk_inst/count1_carry__6/O[1]
                         net (fo=1, routed)           0.000     1.941    clk_inst/count1_carry__6_n_6
    SLICE_X30Y39         FDRE                                         r  clk_inst/count_reg[30]/D
  -------------------------------------------------------------------    -------------------

                         (clock sys_clk_pin rise edge)
                                                      0.000     0.000 r  
    W5                                                0.000     0.000 r  basys_clk (IN)
                         net (fo=0)                   0.000     0.000    basys_clk
    W5                   IBUF (Prop_ibuf_I_O)         0.414     0.414 r  basys_clk_IBUF_inst/O
                         net (fo=1, routed)           0.685     1.099    basys_clk_IBUF
    BUFGCTRL_X0Y2        BUFG (Prop_bufg_I_O)         0.029     1.128 r  basys_clk_IBUF_BUFG_inst/O
                         net (fo=33, routed)          0.830     1.957    clk_inst/basys_clk_IBUF_BUFG
    SLICE_X30Y39         FDRE                                         r  clk_inst/count_reg[30]/C
                         clock pessimism             -0.513     1.444    
    SLICE_X30Y39         FDRE (Hold_fdre_C_D)         0.134     1.578    clk_inst/count_reg[30]
  -------------------------------------------------------------------
                         required time                         -1.578    
                         arrival time                           1.941    
  -------------------------------------------------------------------
                         slack                                  0.363    

Slack (MET) :             0.372ns  (arrival time - required time)
  Source:                 clk_inst/count_reg[16]/C
                            (rising edge-triggered cell FDRE clocked by sys_clk_pin  {rise@0.000ns fall@5.000ns period=10.000ns})
  Destination:            clk_inst/count_reg[16]/D
                            (rising edge-triggered cell FDRE clocked by sys_clk_pin  {rise@0.000ns fall@5.000ns period=10.000ns})
  Path Group:             sys_clk_pin
  Path Type:              Hold (Min at Fast Process Corner)
  Requirement:            0.000ns  (sys_clk_pin rise@0.000ns - sys_clk_pin rise@0.000ns)
  Data Path Delay:        0.506ns  (logic 0.273ns (53.912%)  route 0.233ns (46.088%))
  Logic Levels:           1  (CARRY4=1)
  Clock Path Skew:        0.000ns (DCD - SCD - CPR)
    Destination Clock Delay (DCD):    1.954ns
    Source Clock Delay      (SCD):    1.442ns
    Clock Pessimism Removal (CPR):    0.512ns

    Location             Delay type                Incr(ns)  Path(ns)    Netlist Resource(s)
  -------------------------------------------------------------------    -------------------
                         (clock sys_clk_pin rise edge)
                                                      0.000     0.000 r  
    W5                                                0.000     0.000 r  basys_clk (IN)
                         net (fo=0)                   0.000     0.000    basys_clk
    W5                   IBUF (Prop_ibuf_I_O)         0.226     0.226 r  basys_clk_IBUF_inst/O
                         net (fo=1, routed)           0.631     0.858    basys_clk_IBUF
    BUFGCTRL_X0Y2        BUFG (Prop_bufg_I_O)         0.026     0.884 r  basys_clk_IBUF_BUFG_inst/O
                         net (fo=33, routed)          0.559     1.442    clk_inst/basys_clk_IBUF_BUFG
    SLICE_X30Y35         FDRE                                         r  clk_inst/count_reg[16]/C
  -------------------------------------------------------------------    -------------------
    SLICE_X30Y35         FDRE (Prop_fdre_C_Q)         0.164     1.606 r  clk_inst/count_reg[16]/Q
                         net (fo=2, routed)           0.233     1.840    clk_inst/count_reg_n_0_[16]
    SLICE_X30Y35         CARRY4 (Prop_carry4_S[3]_O[3])
                                                      0.109     1.949 r  clk_inst/count1_carry__2/O[3]
                         net (fo=1, routed)           0.000     1.949    clk_inst/count1_carry__2_n_4
    SLICE_X30Y35         FDRE                                         r  clk_inst/count_reg[16]/D
  -------------------------------------------------------------------    -------------------

                         (clock sys_clk_pin rise edge)
                                                      0.000     0.000 r  
    W5                                                0.000     0.000 r  basys_clk (IN)
                         net (fo=0)                   0.000     0.000    basys_clk
    W5                   IBUF (Prop_ibuf_I_O)         0.414     0.414 r  basys_clk_IBUF_inst/O
                         net (fo=1, routed)           0.685     1.099    basys_clk_IBUF
    BUFGCTRL_X0Y2        BUFG (Prop_bufg_I_O)         0.029     1.128 r  basys_clk_IBUF_BUFG_inst/O
                         net (fo=33, routed)          0.827     1.954    clk_inst/basys_clk_IBUF_BUFG
    SLICE_X30Y35         FDRE                                         r  clk_inst/count_reg[16]/C
                         clock pessimism             -0.512     1.442    
    SLICE_X30Y35         FDRE (Hold_fdre_C_D)         0.134     1.576    clk_inst/count_reg[16]
  -------------------------------------------------------------------
                         required time                         -1.576    
                         arrival time                           1.949    
  -------------------------------------------------------------------
                         slack                                  0.372    





Pulse Width Checks
--------------------------------------------------------------------------------------
Clock Name:         sys_clk_pin
Waveform(ns):       { 0.000 5.000 }
Period(ns):         10.000
Sources:            { basys_clk }

Check Type        Corner  Lib Pin  Reference Pin  Required(ns)  Actual(ns)  Slack(ns)  Location       Pin
Min Period        n/a     BUFG/I   n/a            2.155         10.000      7.845      BUFGCTRL_X0Y2  basys_clk_IBUF_BUFG_inst/I
Min Period        n/a     FDRE/C   n/a            1.000         10.000      9.000      SLICE_X32Y36   clk_inst/clk_out_reg/C
Min Period        n/a     FDRE/C   n/a            1.000         10.000      9.000      SLICE_X31Y32   clk_inst/count_reg[0]/C
Min Period        n/a     FDRE/C   n/a            1.000         10.000      9.000      SLICE_X30Y34   clk_inst/count_reg[10]/C
Min Period        n/a     FDRE/C   n/a            1.000         10.000      9.000      SLICE_X30Y34   clk_inst/count_reg[11]/C
Min Period        n/a     FDRE/C   n/a            1.000         10.000      9.000      SLICE_X30Y34   clk_inst/count_reg[12]/C
Min Period        n/a     FDRE/C   n/a            1.000         10.000      9.000      SLICE_X30Y35   clk_inst/count_reg[13]/C
Min Period        n/a     FDRE/C   n/a            1.000         10.000      9.000      SLICE_X30Y35   clk_inst/count_reg[14]/C
Min Period        n/a     FDRE/C   n/a            1.000         10.000      9.000      SLICE_X30Y35   clk_inst/count_reg[15]/C
Min Period        n/a     FDRE/C   n/a            1.000         10.000      9.000      SLICE_X30Y35   clk_inst/count_reg[16]/C
Low Pulse Width   Fast    FDRE/C   n/a            0.500         5.000       4.500      SLICE_X30Y38   clk_inst/count_reg[25]/C
Low Pulse Width   Fast    FDRE/C   n/a            0.500         5.000       4.500      SLICE_X30Y38   clk_inst/count_reg[26]/C
Low Pulse Width   Fast    FDRE/C   n/a            0.500         5.000       4.500      SLICE_X30Y38   clk_inst/count_reg[27]/C
Low Pulse Width   Fast    FDRE/C   n/a            0.500         5.000       4.500      SLICE_X30Y38   clk_inst/count_reg[28]/C
Low Pulse Width   Fast    FDRE/C   n/a            0.500         5.000       4.500      SLICE_X30Y39   clk_inst/count_reg[29]/C
Low Pulse Width   Fast    FDRE/C   n/a            0.500         5.000       4.500      SLICE_X30Y39   clk_inst/count_reg[30]/C
Low Pulse Width   Fast    FDRE/C   n/a            0.500         5.000       4.500      SLICE_X30Y39   clk_inst/count_reg[31]/C
Low Pulse Width   Slow    FDRE/C   n/a            0.500         5.000       4.500      SLICE_X31Y32   clk_inst/count_reg[0]/C
Low Pulse Width   Slow    FDRE/C   n/a            0.500         5.000       4.500      SLICE_X30Y32   clk_inst/count_reg[1]/C
Low Pulse Width   Slow    FDRE/C   n/a            0.500         5.000       4.500      SLICE_X30Y37   clk_inst/count_reg[21]/C
High Pulse Width  Slow    FDRE/C   n/a            0.500         5.000       4.500      SLICE_X32Y36   clk_inst/clk_out_reg/C
High Pulse Width  Fast    FDRE/C   n/a            0.500         5.000       4.500      SLICE_X31Y32   clk_inst/count_reg[0]/C
High Pulse Width  Slow    FDRE/C   n/a            0.500         5.000       4.500      SLICE_X30Y34   clk_inst/count_reg[10]/C
High Pulse Width  Slow    FDRE/C   n/a            0.500         5.000       4.500      SLICE_X30Y34   clk_inst/count_reg[11]/C
High Pulse Width  Slow    FDRE/C   n/a            0.500         5.000       4.500      SLICE_X30Y34   clk_inst/count_reg[12]/C
High Pulse Width  Slow    FDRE/C   n/a            0.500         5.000       4.500      SLICE_X30Y35   clk_inst/count_reg[13]/C
High Pulse Width  Slow    FDRE/C   n/a            0.500         5.000       4.500      SLICE_X30Y35   clk_inst/count_reg[14]/C
High Pulse Width  Slow    FDRE/C   n/a            0.500         5.000       4.500      SLICE_X30Y35   clk_inst/count_reg[15]/C
High Pulse Width  Slow    FDRE/C   n/a            0.500         5.000       4.500      SLICE_X30Y35   clk_inst/count_reg[16]/C
High Pulse Width  Slow    FDRE/C   n/a            0.500         5.000       4.500      SLICE_X30Y36   clk_inst/count_reg[17]/C



